16:33:36 **** Build of configuration Debug for project Lab02 ****
make -j16 all 
arm-none-eabi-gcc "../Drivers/STM32F7xx_HAL_Driver/Src/stm32f7xx_hal.c" -mcpu=cortex-m7 -std=gnu11 -g3 -DDEBUG -DUSE_HAL_DRIVER -DSTM32F767xx -c -I../Core/Inc -I../Drivers/STM32F7xx_HAL_Driver/Inc -I../Drivers/STM32F7xx_HAL_Driver/Inc/Legacy -I../Drivers/CMSIS/Device/ST/STM32F7xx/Include -I../Drivers/CMSIS/Include -O0 -ffunction-sections -fdata-sections -Wall -fstack-usage -fcyclomatic-complexity -MMD -MP -MF"Drivers/STM32F7xx_HAL_Driver/Src/stm32f7xx_hal.d" -MT"Drivers/STM32F7xx_HAL_Driver/Src/stm32f7xx_hal.o" --specs=nano.specs -mfpu=fpv5-d16 -mfloat-abi=hard -mthumb -o "Drivers/STM32F7xx_HAL_Driver/Src/stm32f7xx_hal.o"
arm-none-eabi-gcc "../Drivers/STM32F7xx_HAL_Driver/Src/stm32f7xx_hal_cortex.c" -mcpu=cortex-m7 -std=gnu11 -g3 -DDEBUG -DUSE_HAL_DRIVER -DSTM32F767xx -c -I../Core/Inc -I../Drivers/STM32F7xx_HAL_Driver/Inc -I../Drivers/STM32F7xx_HAL_Driver/Inc/Legacy -I../Drivers/CMSIS/Device/ST/STM32F7xx/Include -I../Drivers/CMSIS/Include -O0 -ffunction-sections -fdata-sections -Wall -fstack-usage -fcyclomatic-complexity -MMD -MP -MF"Drivers/STM32F7xx_HAL_Driver/Src/stm32f7xx_hal_cortex.d" -MT"Drivers/STM32F7xx_HAL_Driver/Src/stm32f7xx_hal_cortex.o" --specs=nano.specs -mfpu=fpv5-d16 -mfloat-abi=hard -mthumb -o "Drivers/STM32F7xx_HAL_Driver/Src/stm32f7xx_hal_cortex.o"
arm-none-eabi-gcc "../Drivers/STM32F7xx_HAL_Driver/Src/stm32f7xx_hal_dma.c" -mcpu=cortex-m7 -std=gnu11 -g3 -DDEBUG -DUSE_HAL_DRIVER -DSTM32F767xx -c -I../Core/Inc -I../Drivers/STM32F7xx_HAL_Driver/Inc -I../Drivers/STM32F7xx_HAL_Driver/Inc/Legacy -I../Drivers/CMSIS/Device/ST/STM32F7xx/Include -I../Drivers/CMSIS/Include -O0 -ffunction-sections -fdata-sections -Wall -fstack-usage -fcyclomatic-complexity -MMD -MP -MF"Drivers/STM32F7xx_HAL_Driver/Src/stm32f7xx_hal_dma.d" -MT"Drivers/STM32F7xx_HAL_Driver/Src/stm32f7xx_hal_dma.o" --specs=nano.specs -mfpu=fpv5-d16 -mfloat-abi=hard -mthumb -o "Drivers/STM32F7xx_HAL_Driver/Src/stm32f7xx_hal_dma.o"
arm-none-eabi-gcc "../Drivers/STM32F7xx_HAL_Driver/Src/stm32f7xx_hal_dma_ex.c" -mcpu=cortex-m7 -std=gnu11 -g3 -DDEBUG -DUSE_HAL_DRIVER -DSTM32F767xx -c -I../Core/Inc -I../Drivers/STM32F7xx_HAL_Driver/Inc -I../Drivers/STM32F7xx_HAL_Driver/Inc/Legacy -I../Drivers/CMSIS/Device/ST/STM32F7xx/Include -I../Drivers/CMSIS/Include -O0 -ffunction-sections -fdata-sections -Wall -fstack-usage -fcyclomatic-complexity -MMD -MP -MF"Drivers/STM32F7xx_HAL_Driver/Src/stm32f7xx_hal_dma_ex.d" -MT"Drivers/STM32F7xx_HAL_Driver/Src/stm32f7xx_hal_dma_ex.o" --specs=nano.specs -mfpu=fpv5-d16 -mfloat-abi=hard -mthumb -o "Drivers/STM32F7xx_HAL_Driver/Src/stm32f7xx_hal_dma_ex.o"
arm-none-eabi-gcc "../Drivers/STM32F7xx_HAL_Driver/Src/stm32f7xx_hal_exti.c" -mcpu=cortex-m7 -std=gnu11 -g3 -DDEBUG -DUSE_HAL_DRIVER -DSTM32F767xx -c -I../Core/Inc -I../Drivers/STM32F7xx_HAL_Driver/Inc -I../Drivers/STM32F7xx_HAL_Driver/Inc/Legacy -I../Drivers/CMSIS/Device/ST/STM32F7xx/Include -I../Drivers/CMSIS/Include -O0 -ffunction-sections -fdata-sections -Wall -fstack-usage -fcyclomatic-complexity -MMD -MP -MF"Drivers/STM32F7xx_HAL_Driver/Src/stm32f7xx_hal_exti.d" -MT"Drivers/STM32F7xx_HAL_Driver/Src/stm32f7xx_hal_exti.o" --specs=nano.specs -mfpu=fpv5-d16 -mfloat-abi=hard -mthumb -o "Drivers/STM32F7xx_HAL_Driver/Src/stm32f7xx_hal_exti.o"
arm-none-eabi-gcc "../Drivers/STM32F7xx_HAL_Driver/Src/stm32f7xx_hal_flash.c" -mcpu=cortex-m7 -std=gnu11 -g3 -DDEBUG -DUSE_HAL_DRIVER -DSTM32F767xx -c -I../Core/Inc -I../Drivers/STM32F7xx_HAL_Driver/Inc -I../Drivers/STM32F7xx_HAL_Driver/Inc/Legacy -I../Drivers/CMSIS/Device/ST/STM32F7xx/Include -I../Drivers/CMSIS/Include -O0 -ffunction-sections -fdata-sections -Wall -fstack-usage -fcyclomatic-complexity -MMD -MP -MF"Drivers/STM32F7xx_HAL_Driver/Src/stm32f7xx_hal_flash.d" -MT"Drivers/STM32F7xx_HAL_Driver/Src/stm32f7xx_hal_flash.o" --specs=nano.specs -mfpu=fpv5-d16 -mfloat-abi=hard -mthumb -o "Drivers/STM32F7xx_HAL_Driver/Src/stm32f7xx_hal_flash.o"
arm-none-eabi-gcc "../Drivers/STM32F7xx_HAL_Driver/Src/stm32f7xx_hal_flash_ex.c" -mcpu=cortex-m7 -std=gnu11 -g3 -DDEBUG -DUSE_HAL_DRIVER -DSTM32F767xx -c -I../Core/Inc -I../Drivers/STM32F7xx_HAL_Driver/Inc -I../Drivers/STM32F7xx_HAL_Driver/Inc/Legacy -I../Drivers/CMSIS/Device/ST/STM32F7xx/Include -I../Drivers/CMSIS/Include -O0 -ffunction-sections -fdata-sections -Wall -fstack-usage -fcyclomatic-complexity -MMD -MP -MF"Drivers/STM32F7xx_HAL_Driver/Src/stm32f7xx_hal_flash_ex.d" -MT"Drivers/STM32F7xx_HAL_Driver/Src/stm32f7xx_hal_flash_ex.o" --specs=nano.specs -mfpu=fpv5-d16 -mfloat-abi=hard -mthumb -o "Drivers/STM32F7xx_HAL_Driver/Src/stm32f7xx_hal_flash_ex.o"
arm-none-eabi-gcc "../Drivers/STM32F7xx_HAL_Driver/Src/stm32f7xx_hal_gpio.c" -mcpu=cortex-m7 -std=gnu11 -g3 -DDEBUG -DUSE_HAL_DRIVER -DSTM32F767xx -c -I../Core/Inc -I../Drivers/STM32F7xx_HAL_Driver/Inc -I../Drivers/STM32F7xx_HAL_Driver/Inc/Legacy -I../Drivers/CMSIS/Device/ST/STM32F7xx/Include -I../Drivers/CMSIS/Include -O0 -ffunction-sections -fdata-sections -Wall -fstack-usage -fcyclomatic-complexity -MMD -MP -MF"Drivers/STM32F7xx_HAL_Driver/Src/stm32f7xx_hal_gpio.d" -MT"Drivers/STM32F7xx_HAL_Driver/Src/stm32f7xx_hal_gpio.o" --specs=nano.specs -mfpu=fpv5-d16 -mfloat-abi=hard -mthumb -o "Drivers/STM32F7xx_HAL_Driver/Src/stm32f7xx_hal_gpio.o"
arm-none-eabi-gcc "../Drivers/STM32F7xx_HAL_Driver/Src/stm32f7xx_hal_i2c.c" -mcpu=cortex-m7 -std=gnu11 -g3 -DDEBUG -DUSE_HAL_DRIVER -DSTM32F767xx -c -I../Core/Inc -I../Drivers/STM32F7xx_HAL_Driver/Inc -I../Drivers/STM32F7xx_HAL_Driver/Inc/Legacy -I../Drivers/CMSIS/Device/ST/STM32F7xx/Include -I../Drivers/CMSIS/Include -O0 -ffunction-sections -fdata-sections -Wall -fstack-usage -fcyclomatic-complexity -MMD -MP -MF"Drivers/STM32F7xx_HAL_Driver/Src/stm32f7xx_hal_i2c.d" -MT"Drivers/STM32F7xx_HAL_Driver/Src/stm32f7xx_hal_i2c.o" --specs=nano.specs -mfpu=fpv5-d16 -mfloat-abi=hard -mthumb -o "Drivers/STM32F7xx_HAL_Driver/Src/stm32f7xx_hal_i2c.o"
arm-none-eabi-gcc "../Drivers/STM32F7xx_HAL_Driver/Src/stm32f7xx_hal_i2c_ex.c" -mcpu=cortex-m7 -std=gnu11 -g3 -DDEBUG -DUSE_HAL_DRIVER -DSTM32F767xx -c -I../Core/Inc -I../Drivers/STM32F7xx_HAL_Driver/Inc -I../Drivers/STM32F7xx_HAL_Driver/Inc/Legacy -I../Drivers/CMSIS/Device/ST/STM32F7xx/Include -I../Drivers/CMSIS/Include -O0 -ffunction-sections -fdata-sections -Wall -fstack-usage -fcyclomatic-complexity -MMD -MP -MF"Drivers/STM32F7xx_HAL_Driver/Src/stm32f7xx_hal_i2c_ex.d" -MT"Drivers/STM32F7xx_HAL_Driver/Src/stm32f7xx_hal_i2c_ex.o" --specs=nano.specs -mfpu=fpv5-d16 -mfloat-abi=hard -mthumb -o "Drivers/STM32F7xx_HAL_Driver/Src/stm32f7xx_hal_i2c_ex.o"
arm-none-eabi-gcc "../Drivers/STM32F7xx_HAL_Driver/Src/stm32f7xx_hal_pwr.c" -mcpu=cortex-m7 -std=gnu11 -g3 -DDEBUG -DUSE_HAL_DRIVER -DSTM32F767xx -c -I../Core/Inc -I../Drivers/STM32F7xx_HAL_Driver/Inc -I../Drivers/STM32F7xx_HAL_Driver/Inc/Legacy -I../Drivers/CMSIS/Device/ST/STM32F7xx/Include -I../Drivers/CMSIS/Include -O0 -ffunction-sections -fdata-sections -Wall -fstack-usage -fcyclomatic-complexity -MMD -MP -MF"Drivers/STM32F7xx_HAL_Driver/Src/stm32f7xx_hal_pwr.d" -MT"Drivers/STM32F7xx_HAL_Driver/Src/stm32f7xx_hal_pwr.o" --specs=nano.specs -mfpu=fpv5-d16 -mfloat-abi=hard -mthumb -o "Drivers/STM32F7xx_HAL_Driver/Src/stm32f7xx_hal_pwr.o"
arm-none-eabi-gcc "../Drivers/STM32F7xx_HAL_Driver/Src/stm32f7xx_hal_pwr_ex.c" -mcpu=cortex-m7 -std=gnu11 -g3 -DDEBUG -DUSE_HAL_DRIVER -DSTM32F767xx -c -I../Core/Inc -I../Drivers/STM32F7xx_HAL_Driver/Inc -I../Drivers/STM32F7xx_HAL_Driver/Inc/Legacy -I../Drivers/CMSIS/Device/ST/STM32F7xx/Include -I../Drivers/CMSIS/Include -O0 -ffunction-sections -fdata-sections -Wall -fstack-usage -fcyclomatic-complexity -MMD -MP -MF"Drivers/STM32F7xx_HAL_Driver/Src/stm32f7xx_hal_pwr_ex.d" -MT"Drivers/STM32F7xx_HAL_Driver/Src/stm32f7xx_hal_pwr_ex.o" --specs=nano.specs -mfpu=fpv5-d16 -mfloat-abi=hard -mthumb -o "Drivers/STM32F7xx_HAL_Driver/Src/stm32f7xx_hal_pwr_ex.o"
arm-none-eabi-gcc "../Drivers/STM32F7xx_HAL_Driver/Src/stm32f7xx_hal_rcc.c" -mcpu=cortex-m7 -std=gnu11 -g3 -DDEBUG -DUSE_HAL_DRIVER -DSTM32F767xx -c -I../Core/Inc -I../Drivers/STM32F7xx_HAL_Driver/Inc -I../Drivers/STM32F7xx_HAL_Driver/Inc/Legacy -I../Drivers/CMSIS/Device/ST/STM32F7xx/Include -I../Drivers/CMSIS/Include -O0 -ffunction-sections -fdata-sections -Wall -fstack-usage -fcyclomatic-complexity -MMD -MP -MF"Drivers/STM32F7xx_HAL_Driver/Src/stm32f7xx_hal_rcc.d" -MT"Drivers/STM32F7xx_HAL_Driver/Src/stm32f7xx_hal_rcc.o" --specs=nano.specs -mfpu=fpv5-d16 -mfloat-abi=hard -mthumb -o "Drivers/STM32F7xx_HAL_Driver/Src/stm32f7xx_hal_rcc.o"
arm-none-eabi-gcc "../Drivers/STM32F7xx_HAL_Driver/Src/stm32f7xx_hal_rcc_ex.c" -mcpu=cortex-m7 -std=gnu11 -g3 -DDEBUG -DUSE_HAL_DRIVER -DSTM32F767xx -c -I../Core/Inc -I../Drivers/STM32F7xx_HAL_Driver/Inc -I../Drivers/STM32F7xx_HAL_Driver/Inc/Legacy -I../Drivers/CMSIS/Device/ST/STM32F7xx/Include -I../Drivers/CMSIS/Include -O0 -ffunction-sections -fdata-sections -Wall -fstack-usage -fcyclomatic-complexity -MMD -MP -MF"Drivers/STM32F7xx_HAL_Driver/Src/stm32f7xx_hal_rcc_ex.d" -MT"Drivers/STM32F7xx_HAL_Driver/Src/stm32f7xx_hal_rcc_ex.o" --specs=nano.specs -mfpu=fpv5-d16 -mfloat-abi=hard -mthumb -o "Drivers/STM32F7xx_HAL_Driver/Src/stm32f7xx_hal_rcc_ex.o"
arm-none-eabi-gcc -mcpu=cortex-m7 -g3 -DDEBUG -c -x assembler-with-cpp -MMD -MP -MF"Core/Startup/startup_stm32f767zitx.d" -MT"Core/Startup/startup_stm32f767zitx.o" --specs=nano.specs -mfpu=fpv5-d16 -mfloat-abi=hard -mthumb -o "Core/Startup/startup_stm32f767zitx.o" "../Core/Startup/startup_stm32f767zitx.s"
arm-none-eabi-gcc "../Core/Src/gpio.c" -mcpu=cortex-m7 -std=gnu11 -g3 -DDEBUG -DUSE_HAL_DRIVER -DSTM32F767xx -c -I../Core/Inc -I../Drivers/STM32F7xx_HAL_Driver/Inc -I../Drivers/STM32F7xx_HAL_Driver/Inc/Legacy -I../Drivers/CMSIS/Device/ST/STM32F7xx/Include -I../Drivers/CMSIS/Include -O0 -ffunction-sections -fdata-sections -Wall -fstack-usage -fcyclomatic-complexity -MMD -MP -MF"Core/Src/gpio.d" -MT"Core/Src/gpio.o" --specs=nano.specs -mfpu=fpv5-d16 -mfloat-abi=hard -mthumb -o "Core/Src/gpio.o"
arm-none-eabi-gcc "../Core/Src/main.c" -mcpu=cortex-m7 -std=gnu11 -g3 -DDEBUG -DUSE_HAL_DRIVER -DSTM32F767xx -c -I../Core/Inc -I../Drivers/STM32F7xx_HAL_Driver/Inc -I../Drivers/STM32F7xx_HAL_Driver/Inc/Legacy -I../Drivers/CMSIS/Device/ST/STM32F7xx/Include -I../Drivers/CMSIS/Include -O0 -ffunction-sections -fdata-sections -Wall -fstack-usage -fcyclomatic-complexity -MMD -MP -MF"Core/Src/main.d" -MT"Core/Src/main.o" --specs=nano.specs -mfpu=fpv5-d16 -mfloat-abi=hard -mthumb -o "Core/Src/main.o"
../Core/Src/main.c: In function 'main':
../Core/Src/main.c:101:11: warning: implicit declaration of function 'print' [-Wimplicit-function-declaration]
  101 |           print(f);
      |           ^~~~~
../Core/Src/main.c:101:17: error: 'f' undeclared (first use in this function)
  101 |           print(f);
      |                 ^
../Core/Src/main.c:101:17: note: each undeclared identifier is reported only once for each function it appears in
make: *** [Core/Src/subdir.mk:37: Core/Src/main.o] Error 1
make: *** Waiting for unfinished jobs....
"make -j16 all" terminated with exit code 2. Build might be incomplete.
16:33:48 **** Incremental Build of configuration Debug for project Lab02 ****
make -j16 all 
arm-none-eabi-gcc "../Core/Src/main.c" -mcpu=cortex-m7 -std=gnu11 -g3 -DDEBUG -DUSE_HAL_DRIVER -DSTM32F767xx -c -I../Core/Inc -I../Drivers/STM32F7xx_HAL_Driver/Inc -I../Drivers/STM32F7xx_HAL_Driver/Inc/Legacy -I../Drivers/CMSIS/Device/ST/STM32F7xx/Include -I../Drivers/CMSIS/Include -O0 -ffunction-sections -fdata-sections -Wall -fstack-usage -fcyclomatic-complexity -MMD -MP -MF"Core/Src/main.d" -MT"Core/Src/main.o" --specs=nano.specs -mfpu=fpv5-d16 -mfloat-abi=hard -mthumb -o "Core/Src/main.o"
arm-none-eabi-gcc "../Core/Src/stm32f7xx_hal_msp.c" -mcpu=cortex-m7 -std=gnu11 -g3 -DDEBUG -DUSE_HAL_DRIVER -DSTM32F767xx -c -I../Core/Inc -I../Drivers/STM32F7xx_HAL_Driver/Inc -I../Drivers/STM32F7xx_HAL_Driver/Inc/Legacy -I../Drivers/CMSIS/Device/ST/STM32F7xx/Include -I../Drivers/CMSIS/Include -O0 -ffunction-sections -fdata-sections -Wall -fstack-usage -fcyclomatic-complexity -MMD -MP -MF"Core/Src/stm32f7xx_hal_msp.d" -MT"Core/Src/stm32f7xx_hal_msp.o" --specs=nano.specs -mfpu=fpv5-d16 -mfloat-abi=hard -mthumb -o "Core/Src/stm32f7xx_hal_msp.o"
arm-none-eabi-gcc "../Core/Src/stm32f7xx_it.c" -mcpu=cortex-m7 -std=gnu11 -g3 -DDEBUG -DUSE_HAL_DRIVER -DSTM32F767xx -c -I../Core/Inc -I../Drivers/STM32F7xx_HAL_Driver/Inc -I../Drivers/STM32F7xx_HAL_Driver/Inc/Legacy -I../Drivers/CMSIS/Device/ST/STM32F7xx/Include -I../Drivers/CMSIS/Include -O0 -ffunction-sections -fdata-sections -Wall -fstack-usage -fcyclomatic-complexity -MMD -MP -MF"Core/Src/stm32f7xx_it.d" -MT"Core/Src/stm32f7xx_it.o" --specs=nano.specs -mfpu=fpv5-d16 -mfloat-abi=hard -mthumb -o "Core/Src/stm32f7xx_it.o"
arm-none-eabi-gcc "../Core/Src/syscalls.c" -mcpu=cortex-m7 -std=gnu11 -g3 -DDEBUG -DUSE_HAL_DRIVER -DSTM32F767xx -c -I../Core/Inc -I../Drivers/STM32F7xx_HAL_Driver/Inc -I../Drivers/STM32F7xx_HAL_Driver/Inc/Legacy -I../Drivers/CMSIS/Device/ST/STM32F7xx/Include -I../Drivers/CMSIS/Include -O0 -ffunction-sections -fdata-sections -Wall -fstack-usage -fcyclomatic-complexity -MMD -MP -MF"Core/Src/syscalls.d" -MT"Core/Src/syscalls.o" --specs=nano.specs -mfpu=fpv5-d16 -mfloat-abi=hard -mthumb -o "Core/Src/syscalls.o"
arm-none-eabi-gcc "../Core/Src/sysmem.c" -mcpu=cortex-m7 -std=gnu11 -g3 -DDEBUG -DUSE_HAL_DRIVER -DSTM32F767xx -c -I../Core/Inc -I../Drivers/STM32F7xx_HAL_Driver/Inc -I../Drivers/STM32F7xx_HAL_Driver/Inc/Legacy -I../Drivers/CMSIS/Device/ST/STM32F7xx/Include -I../Drivers/CMSIS/Include -O0 -ffunction-sections -fdata-sections -Wall -fstack-usage -fcyclomatic-complexity -MMD -MP -MF"Core/Src/sysmem.d" -MT"Core/Src/sysmem.o" --specs=nano.specs -mfpu=fpv5-d16 -mfloat-abi=hard -mthumb -o "Core/Src/sysmem.o"
arm-none-eabi-gcc "../Core/Src/system_stm32f7xx.c" -mcpu=cortex-m7 -std=gnu11 -g3 -DDEBUG -DUSE_HAL_DRIVER -DSTM32F767xx -c -I../Core/Inc -I../Drivers/STM32F7xx_HAL_Driver/Inc -I../Drivers/STM32F7xx_HAL_Driver/Inc/Legacy -I../Drivers/CMSIS/Device/ST/STM32F7xx/Include -I../Drivers/CMSIS/Include -O0 -ffunction-sections -fdata-sections -Wall -fstack-usage -fcyclomatic-complexity -MMD -MP -MF"Core/Src/system_stm32f7xx.d" -MT"Core/Src/system_stm32f7xx.o" --specs=nano.specs -mfpu=fpv5-d16 -mfloat-abi=hard -mthumb -o "Core/Src/system_stm32f7xx.o"
../Core/Src/main.c: In function 'main':
../Core/Src/main.c:101:11: warning: implicit declaration of function 'printf' [-Wimplicit-function-declaration]
  101 |           printf("Hello");
      |           ^~~~~~
../Core/Src/main.c:22:1: note: include '<stdio.h>' or provide a declaration of 'printf'
   21 | #include "gpio.h"
  +++ |+#include <stdio.h>
   22 | 
../Core/Src/main.c:101:11: warning: incompatible implicit declaration of built-in function 'printf' [-Wbuiltin-declaration-mismatch]
  101 |           printf("Hello");
      |           ^~~~~~
../Core/Src/main.c:101:11: note: include '<stdio.h>' or provide a declaration of 'printf'
arm-none-eabi-gcc -o "Lab02.elf" @"objects.list"   -mcpu=cortex-m7 -T"D:\KMITL_Life\CEDT_KMITL\YEAR2_Semester2\01076050 MICROCONTROLLER APPLICATION AND DEVELOPMENT\01076051 MICROCONTROLLER PROJECT\Lab02\STM32F767ZITX_FLASH.ld" --specs=nosys.specs -Wl,-Map="Lab02.map" -Wl,--gc-sections -static --specs=nano.specs -mfpu=fpv5-d16 -mfloat-abi=hard -mthumb -Wl,--start-group -lc -lm -Wl,--end-group
Finished building target: Lab02.elf
 
arm-none-eabi-size  Lab02.elf 
arm-none-eabi-objdump -h -S Lab02.elf  > "Lab02.list"
   text	   data	    bss	    dec	    hex	filename
  10604	    112	   1904	  12620	   314c	Lab02.elf
Finished building: default.size.stdout
 
Finished building: Lab02.list
 
12:27:27 **** Build of configuration Debug for project Lab02 ****
make -j16 all 
arm-none-eabi-gcc "../Core/Src/gpio.c" -mcpu=cortex-m7 -std=gnu11 -g3 -DDEBUG -DUSE_HAL_DRIVER -DSTM32F767xx -c -I../Core/Inc -I../Drivers/STM32F7xx_HAL_Driver/Inc -I../Drivers/STM32F7xx_HAL_Driver/Inc/Legacy -I../Drivers/CMSIS/Device/ST/STM32F7xx/Include -I../Drivers/CMSIS/Include -O0 -ffunction-sections -fdata-sections -Wall -fstack-usage -fcyclomatic-complexity -MMD -MP -MF"Core/Src/gpio.d" -MT"Core/Src/gpio.o" --specs=nano.specs -mfpu=fpv5-d16 -mfloat-abi=hard -mthumb -o "Core/Src/gpio.o"
arm-none-eabi-gcc "../Core/Src/main.c" -mcpu=cortex-m7 -std=gnu11 -g3 -DDEBUG -DUSE_HAL_DRIVER -DSTM32F767xx -c -I../Core/Inc -I../Drivers/STM32F7xx_HAL_Driver/Inc -I../Drivers/STM32F7xx_HAL_Driver/Inc/Legacy -I../Drivers/CMSIS/Device/ST/STM32F7xx/Include -I../Drivers/CMSIS/Include -O0 -ffunction-sections -fdata-sections -Wall -fstack-usage -fcyclomatic-complexity -MMD -MP -MF"Core/Src/main.d" -MT"Core/Src/main.o" --specs=nano.specs -mfpu=fpv5-d16 -mfloat-abi=hard -mthumb -o "Core/Src/main.o"
../Core/Src/main.c: In function 'main':
../Core/Src/main.c:183:1: error: expected declaration or statement at end of input
  183 | }
      | ^
At top level:
../Core/Src/main.c:174:6: warning: 'Error_Handler' defined but not used [-Wunused-function]
  174 | void Error_Handler(void)
      |      ^~~~~~~~~~~~~
../Core/Src/main.c:116:6: warning: 'SystemClock_Config' defined but not used [-Wunused-function]
  116 | void SystemClock_Config(void)
      |      ^~~~~~~~~~~~~~~~~~
make: *** [Core/Src/subdir.mk:37: Core/Src/main.o] Error 1
make: *** Waiting for unfinished jobs....
"make -j16 all" terminated with exit code 2. Build might be incomplete.
12:27:43 **** Incremental Build of configuration Debug for project Lab02 ****
make -j16 all 
arm-none-eabi-gcc "../Core/Src/main.c" -mcpu=cortex-m7 -std=gnu11 -g3 -DDEBUG -DUSE_HAL_DRIVER -DSTM32F767xx -c -I../Core/Inc -I../Drivers/STM32F7xx_HAL_Driver/Inc -I../Drivers/STM32F7xx_HAL_Driver/Inc/Legacy -I../Drivers/CMSIS/Device/ST/STM32F7xx/Include -I../Drivers/CMSIS/Include -O0 -ffunction-sections -fdata-sections -Wall -fstack-usage -fcyclomatic-complexity -MMD -MP -MF"Core/Src/main.d" -MT"Core/Src/main.o" --specs=nano.specs -mfpu=fpv5-d16 -mfloat-abi=hard -mthumb -o "Core/Src/main.o"
../Core/Src/main.c: In function 'main':
../Core/Src/main.c:183:1: error: expected declaration or statement at end of input
  183 | }
      | ^
At top level:
../Core/Src/main.c:174:6: warning: 'Error_Handler' defined but not used [-Wunused-function]
  174 | void Error_Handler(void)
      |      ^~~~~~~~~~~~~
../Core/Src/main.c:116:6: warning: 'SystemClock_Config' defined but not used [-Wunused-function]
  116 | void SystemClock_Config(void)
      |      ^~~~~~~~~~~~~~~~~~
make: *** [Core/Src/subdir.mk:37: Core/Src/main.o] Error 1
"make -j16 all" terminated with exit code 2. Build might be incomplete.
12:27:59 **** Incremental Build of configuration Debug for project Lab02 ****
make -j16 all 
arm-none-eabi-gcc "../Core/Src/main.c" -mcpu=cortex-m7 -std=gnu11 -g3 -DDEBUG -DUSE_HAL_DRIVER -DSTM32F767xx -c -I../Core/Inc -I../Drivers/STM32F7xx_HAL_Driver/Inc -I../Drivers/STM32F7xx_HAL_Driver/Inc/Legacy -I../Drivers/CMSIS/Device/ST/STM32F7xx/Include -I../Drivers/CMSIS/Include -O0 -ffunction-sections -fdata-sections -Wall -fstack-usage -fcyclomatic-complexity -MMD -MP -MF"Core/Src/main.d" -MT"Core/Src/main.o" --specs=nano.specs -mfpu=fpv5-d16 -mfloat-abi=hard -mthumb -o "Core/Src/main.o"
arm-none-eabi-gcc -o "Lab02.elf" @"objects.list"   -mcpu=cortex-m7 -T"D:\KMITL_Life\CEDT_KMITL\YEAR2_Semester2\01076050 MICROCONTROLLER APPLICATION AND DEVELOPMENT\01076051 MICROCONTROLLER PROJECT\Lab02\STM32F767ZITX_FLASH.ld" --specs=nosys.specs -Wl,-Map="Lab02.map" -Wl,--gc-sections -static --specs=nano.specs -mfpu=fpv5-d16 -mfloat-abi=hard -mthumb -Wl,--start-group -lc -lm -Wl,--end-group
Finished building target: Lab02.elf
 
arm-none-eabi-size  Lab02.elf 
arm-none-eabi-objdump -h -S Lab02.elf  > "Lab02.list"
   text	   data	    bss	    dec	    hex	filename
   6324	     20	   1572	   7916	   1eec	Lab02.elf
Finished building: default.size.stdout
 
Finished building: Lab02.list
 
12:28:18 **** Incremental Build of configuration Debug for project Lab02 ****
make -j16 all 
arm-none-eabi-size  Lab02.elf 
   text	   data	    bss	    dec	    hex	filename
   6324	     20	   1572	   7916	   1eec	Lab02.elf
Finished building: default.size.stdout
 
12:47:44 **** Incremental Build of configuration Debug for project Lab02 ****
make -j16 all 
arm-none-eabi-gcc "../Core/Src/gpio.c" -mcpu=cortex-m7 -std=gnu11 -g3 -DDEBUG -DUSE_HAL_DRIVER -DSTM32F767xx -c -I../Core/Inc -I../Drivers/STM32F7xx_HAL_Driver/Inc -I../Drivers/STM32F7xx_HAL_Driver/Inc/Legacy -I../Drivers/CMSIS/Device/ST/STM32F7xx/Include -I../Drivers/CMSIS/Include -O0 -ffunction-sections -fdata-sections -Wall -fstack-usage -fcyclomatic-complexity -MMD -MP -MF"Core/Src/gpio.d" -MT"Core/Src/gpio.o" --specs=nano.specs -mfpu=fpv5-d16 -mfloat-abi=hard -mthumb -o "Core/Src/gpio.o"
arm-none-eabi-gcc "../Core/Src/main.c" -mcpu=cortex-m7 -std=gnu11 -g3 -DDEBUG -DUSE_HAL_DRIVER -DSTM32F767xx -c -I../Core/Inc -I../Drivers/STM32F7xx_HAL_Driver/Inc -I../Drivers/STM32F7xx_HAL_Driver/Inc/Legacy -I../Drivers/CMSIS/Device/ST/STM32F7xx/Include -I../Drivers/CMSIS/Include -O0 -ffunction-sections -fdata-sections -Wall -fstack-usage -fcyclomatic-complexity -MMD -MP -MF"Core/Src/main.d" -MT"Core/Src/main.o" --specs=nano.specs -mfpu=fpv5-d16 -mfloat-abi=hard -mthumb -o "Core/Src/main.o"
../Core/Src/main.c: In function 'main':
../Core/Src/main.c:203:1: error: expected declaration or statement at end of input
  203 | }
      | ^
At top level:
../Core/Src/main.c:194:6: warning: 'Error_Handler' defined but not used [-Wunused-function]
  194 | void Error_Handler(void)
      |      ^~~~~~~~~~~~~
../Core/Src/main.c:136:6: warning: 'SystemClock_Config' defined but not used [-Wunused-function]
  136 | void SystemClock_Config(void)
      |      ^~~~~~~~~~~~~~~~~~
make: *** [Core/Src/subdir.mk:37: Core/Src/main.o] Error 1
make: *** Waiting for unfinished jobs....
"make -j16 all" terminated with exit code 2. Build might be incomplete.
12:48:04 **** Incremental Build of configuration Debug for project Lab02 ****
make -j16 all 
arm-none-eabi-gcc "../Core/Src/main.c" -mcpu=cortex-m7 -std=gnu11 -g3 -DDEBUG -DUSE_HAL_DRIVER -DSTM32F767xx -c -I../Core/Inc -I../Drivers/STM32F7xx_HAL_Driver/Inc -I../Drivers/STM32F7xx_HAL_Driver/Inc/Legacy -I../Drivers/CMSIS/Device/ST/STM32F7xx/Include -I../Drivers/CMSIS/Include -O0 -ffunction-sections -fdata-sections -Wall -fstack-usage -fcyclomatic-complexity -MMD -MP -MF"Core/Src/main.d" -MT"Core/Src/main.o" --specs=nano.specs -mfpu=fpv5-d16 -mfloat-abi=hard -mthumb -o "Core/Src/main.o"
arm-none-eabi-gcc -o "Lab02.elf" @"objects.list"   -mcpu=cortex-m7 -T"D:\KMITL_Life\CEDT_KMITL\YEAR2_Semester2\01076050 MICROCONTROLLER APPLICATION AND DEVELOPMENT\01076051 MICROCONTROLLER PROJECT\Lab02\STM32F767ZITX_FLASH.ld" --specs=nosys.specs -Wl,-Map="Lab02.map" -Wl,--gc-sections -static --specs=nano.specs -mfpu=fpv5-d16 -mfloat-abi=hard -mthumb -Wl,--start-group -lc -lm -Wl,--end-group
Finished building target: Lab02.elf
 
arm-none-eabi-size  Lab02.elf 
arm-none-eabi-objdump -h -S Lab02.elf  > "Lab02.list"
   text	   data	    bss	    dec	    hex	filename
   6624	     20	   1572	   8216	   2018	Lab02.elf
Finished building: default.size.stdout
 
Finished building: Lab02.list
 
12:48:09 **** Incremental Build of configuration Debug for project Lab02 ****
make -j16 all 
arm-none-eabi-size  Lab02.elf 
   text	   data	    bss	    dec	    hex	filename
   6624	     20	   1572	   8216	   2018	Lab02.elf
Finished building: default.size.stdout
 
12:48:14 **** Incremental Build of configuration Debug for project Lab02 ****
make -j16 all 
arm-none-eabi-size  Lab02.elf 
   text	   data	    bss	    dec	    hex	filename
   6624	     20	   1572	   8216	   2018	Lab02.elf
Finished building: default.size.stdout
 
12:56:55 **** Incremental Build of configuration Debug for project Lab02 ****
make -j16 all 
arm-none-eabi-gcc "../Core/Src/main.c" -mcpu=cortex-m7 -std=gnu11 -g3 -DDEBUG -DUSE_HAL_DRIVER -DSTM32F767xx -c -I../Core/Inc -I../Drivers/STM32F7xx_HAL_Driver/Inc -I../Drivers/STM32F7xx_HAL_Driver/Inc/Legacy -I../Drivers/CMSIS/Device/ST/STM32F7xx/Include -I../Drivers/CMSIS/Include -O0 -ffunction-sections -fdata-sections -Wall -fstack-usage -fcyclomatic-complexity -MMD -MP -MF"Core/Src/main.d" -MT"Core/Src/main.o" --specs=nano.specs -mfpu=fpv5-d16 -mfloat-abi=hard -mthumb -o "Core/Src/main.o"
arm-none-eabi-gcc -o "Lab02.elf" @"objects.list"   -mcpu=cortex-m7 -T"D:\KMITL_Life\CEDT_KMITL\YEAR2_Semester2\01076050 MICROCONTROLLER APPLICATION AND DEVELOPMENT\01076051 MICROCONTROLLER PROJECT\Lab02\STM32F767ZITX_FLASH.ld" --specs=nosys.specs -Wl,-Map="Lab02.map" -Wl,--gc-sections -static --specs=nano.specs -mfpu=fpv5-d16 -mfloat-abi=hard -mthumb -Wl,--start-group -lc -lm -Wl,--end-group
Finished building target: Lab02.elf
 
arm-none-eabi-size  Lab02.elf 
arm-none-eabi-objdump -h -S Lab02.elf  > "Lab02.list"
   text	   data	    bss	    dec	    hex	filename
   6636	     20	   1572	   8228	   2024	Lab02.elf
Finished building: default.size.stdout
 
Finished building: Lab02.list
 
12:57:04 **** Incremental Build of configuration Debug for project Lab02 ****
make -j16 all 
arm-none-eabi-size  Lab02.elf 
   text	   data	    bss	    dec	    hex	filename
   6636	     20	   1572	   8228	   2024	Lab02.elf
Finished building: default.size.stdout
 
12:57:48 **** Incremental Build of configuration Debug for project Lab02 ****
make -j16 all 
arm-none-eabi-gcc "../Core/Src/main.c" -mcpu=cortex-m7 -std=gnu11 -g3 -DDEBUG -DUSE_HAL_DRIVER -DSTM32F767xx -c -I../Core/Inc -I../Drivers/STM32F7xx_HAL_Driver/Inc -I../Drivers/STM32F7xx_HAL_Driver/Inc/Legacy -I../Drivers/CMSIS/Device/ST/STM32F7xx/Include -I../Drivers/CMSIS/Include -O0 -ffunction-sections -fdata-sections -Wall -fstack-usage -fcyclomatic-complexity -MMD -MP -MF"Core/Src/main.d" -MT"Core/Src/main.o" --specs=nano.specs -mfpu=fpv5-d16 -mfloat-abi=hard -mthumb -o "Core/Src/main.o"
arm-none-eabi-gcc -o "Lab02.elf" @"objects.list"   -mcpu=cortex-m7 -T"D:\KMITL_Life\CEDT_KMITL\YEAR2_Semester2\01076050 MICROCONTROLLER APPLICATION AND DEVELOPMENT\01076051 MICROCONTROLLER PROJECT\Lab02\STM32F767ZITX_FLASH.ld" --specs=nosys.specs -Wl,-Map="Lab02.map" -Wl,--gc-sections -static --specs=nano.specs -mfpu=fpv5-d16 -mfloat-abi=hard -mthumb -Wl,--start-group -lc -lm -Wl,--end-group
Finished building target: Lab02.elf
 
arm-none-eabi-size  Lab02.elf 
arm-none-eabi-objdump -h -S Lab02.elf  > "Lab02.list"
   text	   data	    bss	    dec	    hex	filename
   6624	     20	   1572	   8216	   2018	Lab02.elf
Finished building: default.size.stdout
 
Finished building: Lab02.list
 
12:57:52 **** Incremental Build of configuration Debug for project Lab02 ****
make -j16 all 
arm-none-eabi-size  Lab02.elf 
   text	   data	    bss	    dec	    hex	filename
   6624	     20	   1572	   8216	   2018	Lab02.elf
Finished building: default.size.stdout
 
13:02:53 **** Incremental Build of configuration Debug for project Lab02 ****
make -j16 all 
arm-none-eabi-gcc "../Core/Src/main.c" -mcpu=cortex-m7 -std=gnu11 -g3 -DDEBUG -DUSE_HAL_DRIVER -DSTM32F767xx -c -I../Core/Inc -I../Drivers/STM32F7xx_HAL_Driver/Inc -I../Drivers/STM32F7xx_HAL_Driver/Inc/Legacy -I../Drivers/CMSIS/Device/ST/STM32F7xx/Include -I../Drivers/CMSIS/Include -O0 -ffunction-sections -fdata-sections -Wall -fstack-usage -fcyclomatic-complexity -MMD -MP -MF"Core/Src/main.d" -MT"Core/Src/main.o" --specs=nano.specs -mfpu=fpv5-d16 -mfloat-abi=hard -mthumb -o "Core/Src/main.o"
arm-none-eabi-gcc -o "Lab02.elf" @"objects.list"   -mcpu=cortex-m7 -T"D:\KMITL_Life\CEDT_KMITL\YEAR2_Semester2\01076050 MICROCONTROLLER APPLICATION AND DEVELOPMENT\01076051 MICROCONTROLLER PROJECT\Lab02\STM32F767ZITX_FLASH.ld" --specs=nosys.specs -Wl,-Map="Lab02.map" -Wl,--gc-sections -static --specs=nano.specs -mfpu=fpv5-d16 -mfloat-abi=hard -mthumb -Wl,--start-group -lc -lm -Wl,--end-group
Finished building target: Lab02.elf
 
arm-none-eabi-size  Lab02.elf 
arm-none-eabi-objdump -h -S Lab02.elf  > "Lab02.list"
   text	   data	    bss	    dec	    hex	filename
   6552	     20	   1572	   8144	   1fd0	Lab02.elf
Finished building: default.size.stdout
 
Finished building: Lab02.list
 
13:02:57 **** Incremental Build of configuration Debug for project Lab02 ****
make -j16 all 
arm-none-eabi-size  Lab02.elf 
   text	   data	    bss	    dec	    hex	filename
   6552	     20	   1572	   8144	   1fd0	Lab02.elf
Finished building: default.size.stdout
 
13:05:37 **** Incremental Build of configuration Debug for project Lab02 ****
make -j16 all 
arm-none-eabi-gcc "../Core/Src/main.c" -mcpu=cortex-m7 -std=gnu11 -g3 -DDEBUG -DUSE_HAL_DRIVER -DSTM32F767xx -c -I../Core/Inc -I../Drivers/STM32F7xx_HAL_Driver/Inc -I../Drivers/STM32F7xx_HAL_Driver/Inc/Legacy -I../Drivers/CMSIS/Device/ST/STM32F7xx/Include -I../Drivers/CMSIS/Include -O0 -ffunction-sections -fdata-sections -Wall -fstack-usage -fcyclomatic-complexity -MMD -MP -MF"Core/Src/main.d" -MT"Core/Src/main.o" --specs=nano.specs -mfpu=fpv5-d16 -mfloat-abi=hard -mthumb -o "Core/Src/main.o"
../Core/Src/main.c: In function 'main':
../Core/Src/main.c:102:21: error: 'LED_PORT' undeclared (first use in this function)
  102 |   HAL_GPIO_WritePin(LED_PORT, LED_PINS, GPIO_PIN_RESET);
      |                     ^~~~~~~~
../Core/Src/main.c:102:21: note: each undeclared identifier is reported only once for each function it appears in
../Core/Src/main.c:102:31: warning: passing argument 2 of 'HAL_GPIO_WritePin' makes integer from pointer without a cast [-Wint-conversion]
  102 |   HAL_GPIO_WritePin(LED_PORT, LED_PINS, GPIO_PIN_RESET);
      |                               ^~~~~~~~
      |                               |
      |                               uint16_t * {aka short unsigned int *}
In file included from ../Core/Inc/stm32f7xx_hal_conf.h:279,
                 from ../Drivers/STM32F7xx_HAL_Driver/Inc/stm32f7xx_hal.h:29,
                 from ../Core/Inc/main.h:30,
                 from ../Core/Src/main.c:20:
../Drivers/STM32F7xx_HAL_Driver/Inc/stm32f7xx_hal_gpio.h:234:54: note: expected 'uint16_t' {aka 'short unsigned int'} but argument is of type 'uint16_t *' {aka 'short unsigned int *'}
  234 | void HAL_GPIO_WritePin(GPIO_TypeDef* GPIOx, uint16_t GPIO_Pin, GPIO_PinState PinState);
      |                                             ~~~~~~~~~^~~~~~~~
make: *** [Core/Src/subdir.mk:37: Core/Src/main.o] Error 1
"make -j16 all" terminated with exit code 2. Build might be incomplete.
13:05:52 **** Incremental Build of configuration Debug for project Lab02 ****
make -j16 all 
arm-none-eabi-gcc "../Core/Src/main.c" -mcpu=cortex-m7 -std=gnu11 -g3 -DDEBUG -DUSE_HAL_DRIVER -DSTM32F767xx -c -I../Core/Inc -I../Drivers/STM32F7xx_HAL_Driver/Inc -I../Drivers/STM32F7xx_HAL_Driver/Inc/Legacy -I../Drivers/CMSIS/Device/ST/STM32F7xx/Include -I../Drivers/CMSIS/Include -O0 -ffunction-sections -fdata-sections -Wall -fstack-usage -fcyclomatic-complexity -MMD -MP -MF"Core/Src/main.d" -MT"Core/Src/main.o" --specs=nano.specs -mfpu=fpv5-d16 -mfloat-abi=hard -mthumb -o "Core/Src/main.o"
arm-none-eabi-gcc -o "Lab02.elf" @"objects.list"   -mcpu=cortex-m7 -T"D:\KMITL_Life\CEDT_KMITL\YEAR2_Semester2\01076050 MICROCONTROLLER APPLICATION AND DEVELOPMENT\01076051 MICROCONTROLLER PROJECT\Lab02\STM32F767ZITX_FLASH.ld" --specs=nosys.specs -Wl,-Map="Lab02.map" -Wl,--gc-sections -static --specs=nano.specs -mfpu=fpv5-d16 -mfloat-abi=hard -mthumb -Wl,--start-group -lc -lm -Wl,--end-group
Finished building target: Lab02.elf
 
arm-none-eabi-size  Lab02.elf 
arm-none-eabi-objdump -h -S Lab02.elf  > "Lab02.list"
   text	   data	    bss	    dec	    hex	filename
   6428	     36	   1572	   8036	   1f64	Lab02.elf
Finished building: default.size.stdout
 
Finished building: Lab02.list
 
13:05:55 **** Incremental Build of configuration Debug for project Lab02 ****
make -j16 all 
arm-none-eabi-size  Lab02.elf 
   text	   data	    bss	    dec	    hex	filename
   6428	     36	   1572	   8036	   1f64	Lab02.elf
Finished building: default.size.stdout
 
13:15:02 **** Incremental Build of configuration Debug for project Lab02 ****
make -j16 all 
arm-none-eabi-gcc "../Core/Src/main.c" -mcpu=cortex-m7 -std=gnu11 -g3 -DDEBUG -DUSE_HAL_DRIVER -DSTM32F767xx -c -I../Core/Inc -I../Drivers/STM32F7xx_HAL_Driver/Inc -I../Drivers/STM32F7xx_HAL_Driver/Inc/Legacy -I../Drivers/CMSIS/Device/ST/STM32F7xx/Include -I../Drivers/CMSIS/Include -O0 -ffunction-sections -fdata-sections -Wall -fstack-usage -fcyclomatic-complexity -MMD -MP -MF"Core/Src/main.d" -MT"Core/Src/main.o" --specs=nano.specs -mfpu=fpv5-d16 -mfloat-abi=hard -mthumb -o "Core/Src/main.o"
arm-none-eabi-gcc -o "Lab02.elf" @"objects.list"   -mcpu=cortex-m7 -T"D:\KMITL_Life\CEDT_KMITL\YEAR2_Semester2\01076050 MICROCONTROLLER APPLICATION AND DEVELOPMENT\01076051 MICROCONTROLLER PROJECT\Lab02\STM32F767ZITX_FLASH.ld" --specs=nosys.specs -Wl,-Map="Lab02.map" -Wl,--gc-sections -static --specs=nano.specs -mfpu=fpv5-d16 -mfloat-abi=hard -mthumb -Wl,--start-group -lc -lm -Wl,--end-group
Finished building target: Lab02.elf
 
arm-none-eabi-size  Lab02.elf 
arm-none-eabi-objdump -h -S Lab02.elf  > "Lab02.list"
   text	   data	    bss	    dec	    hex	filename
   6508	     36	   1572	   8116	   1fb4	Lab02.elf
Finished building: default.size.stdout
 
Finished building: Lab02.list
 
13:15:10 **** Incremental Build of configuration Debug for project Lab02 ****
make -j16 all 
arm-none-eabi-size  Lab02.elf 
   text	   data	    bss	    dec	    hex	filename
   6508	     36	   1572	   8116	   1fb4	Lab02.elf
Finished building: default.size.stdout
 
13:15:52 **** Incremental Build of configuration Debug for project Lab02 ****
make -j16 all 
arm-none-eabi-gcc "../Core/Src/main.c" -mcpu=cortex-m7 -std=gnu11 -g3 -DDEBUG -DUSE_HAL_DRIVER -DSTM32F767xx -c -I../Core/Inc -I../Drivers/STM32F7xx_HAL_Driver/Inc -I../Drivers/STM32F7xx_HAL_Driver/Inc/Legacy -I../Drivers/CMSIS/Device/ST/STM32F7xx/Include -I../Drivers/CMSIS/Include -O0 -ffunction-sections -fdata-sections -Wall -fstack-usage -fcyclomatic-complexity -MMD -MP -MF"Core/Src/main.d" -MT"Core/Src/main.o" --specs=nano.specs -mfpu=fpv5-d16 -mfloat-abi=hard -mthumb -o "Core/Src/main.o"
arm-none-eabi-gcc -o "Lab02.elf" @"objects.list"   -mcpu=cortex-m7 -T"D:\KMITL_Life\CEDT_KMITL\YEAR2_Semester2\01076050 MICROCONTROLLER APPLICATION AND DEVELOPMENT\01076051 MICROCONTROLLER PROJECT\Lab02\STM32F767ZITX_FLASH.ld" --specs=nosys.specs -Wl,-Map="Lab02.map" -Wl,--gc-sections -static --specs=nano.specs -mfpu=fpv5-d16 -mfloat-abi=hard -mthumb -Wl,--start-group -lc -lm -Wl,--end-group
Finished building target: Lab02.elf
 
arm-none-eabi-size  Lab02.elf 
arm-none-eabi-objdump -h -S Lab02.elf  > "Lab02.list"
   text	   data	    bss	    dec	    hex	filename
   6508	     36	   1572	   8116	   1fb4	Lab02.elf
Finished building: default.size.stdout
 
Finished building: Lab02.list
 
13:15:56 **** Incremental Build of configuration Debug for project Lab02 ****
make -j16 all 
arm-none-eabi-size  Lab02.elf 
   text	   data	    bss	    dec	    hex	filename
   6508	     36	   1572	   8116	   1fb4	Lab02.elf
Finished building: default.size.stdout
 
13:23:52 **** Incremental Build of configuration Debug for project Lab02 ****
make -j16 all 
arm-none-eabi-gcc "../Core/Src/main.c" -mcpu=cortex-m7 -std=gnu11 -g3 -DDEBUG -DUSE_HAL_DRIVER -DSTM32F767xx -c -I../Core/Inc -I../Drivers/STM32F7xx_HAL_Driver/Inc -I../Drivers/STM32F7xx_HAL_Driver/Inc/Legacy -I../Drivers/CMSIS/Device/ST/STM32F7xx/Include -I../Drivers/CMSIS/Include -O0 -ffunction-sections -fdata-sections -Wall -fstack-usage -fcyclomatic-complexity -MMD -MP -MF"Core/Src/main.d" -MT"Core/Src/main.o" --specs=nano.specs -mfpu=fpv5-d16 -mfloat-abi=hard -mthumb -o "Core/Src/main.o"
arm-none-eabi-gcc -o "Lab02.elf" @"objects.list"   -mcpu=cortex-m7 -T"D:\KMITL_Life\CEDT_KMITL\YEAR2_Semester2\01076050 MICROCONTROLLER APPLICATION AND DEVELOPMENT\01076051 MICROCONTROLLER PROJECT\Lab02\STM32F767ZITX_FLASH.ld" --specs=nosys.specs -Wl,-Map="Lab02.map" -Wl,--gc-sections -static --specs=nano.specs -mfpu=fpv5-d16 -mfloat-abi=hard -mthumb -Wl,--start-group -lc -lm -Wl,--end-group
Finished building target: Lab02.elf
 
arm-none-eabi-size  Lab02.elf 
arm-none-eabi-objdump -h -S Lab02.elf  > "Lab02.list"
   text	   data	    bss	    dec	    hex	filename
   6524	     32	   1576	   8132	   1fc4	Lab02.elf
Finished building: default.size.stdout
 
Finished building: Lab02.list
 
13:23:55 **** Incremental Build of configuration Debug for project Lab02 ****
make -j16 all 
arm-none-eabi-size  Lab02.elf 
   text	   data	    bss	    dec	    hex	filename
   6524	     32	   1576	   8132	   1fc4	Lab02.elf
Finished building: default.size.stdout
 
13:24:18 **** Incremental Build of configuration Debug for project Lab02 ****
make -j16 all 
arm-none-eabi-size  Lab02.elf 
   text	   data	    bss	    dec	    hex	filename
   6524	     32	   1576	   8132	   1fc4	Lab02.elf
Finished building: default.size.stdout
 
13:25:13 **** Incremental Build of configuration Debug for project Lab02 ****
make -j16 all 
arm-none-eabi-gcc "../Core/Src/main.c" -mcpu=cortex-m7 -std=gnu11 -g3 -DDEBUG -DUSE_HAL_DRIVER -DSTM32F767xx -c -I../Core/Inc -I../Drivers/STM32F7xx_HAL_Driver/Inc -I../Drivers/STM32F7xx_HAL_Driver/Inc/Legacy -I../Drivers/CMSIS/Device/ST/STM32F7xx/Include -I../Drivers/CMSIS/Include -O0 -ffunction-sections -fdata-sections -Wall -fstack-usage -fcyclomatic-complexity -MMD -MP -MF"Core/Src/main.d" -MT"Core/Src/main.o" --specs=nano.specs -mfpu=fpv5-d16 -mfloat-abi=hard -mthumb -o "Core/Src/main.o"
../Core/Src/main.c: In function 'main':
../Core/Src/main.c:114:35: error: subscripted value is neither array nor pointer nor vector
  114 |         current_led = (current_led[-1] + 1) % NUM_LEDS;
      |                                   ^
make: *** [Core/Src/subdir.mk:37: Core/Src/main.o] Error 1
"make -j16 all" terminated with exit code 2. Build might be incomplete.
13:25:29 **** Incremental Build of configuration Debug for project Lab02 ****
make -j16 all 
arm-none-eabi-gcc "../Core/Src/main.c" -mcpu=cortex-m7 -std=gnu11 -g3 -DDEBUG -DUSE_HAL_DRIVER -DSTM32F767xx -c -I../Core/Inc -I../Drivers/STM32F7xx_HAL_Driver/Inc -I../Drivers/STM32F7xx_HAL_Driver/Inc/Legacy -I../Drivers/CMSIS/Device/ST/STM32F7xx/Include -I../Drivers/CMSIS/Include -O0 -ffunction-sections -fdata-sections -Wall -fstack-usage -fcyclomatic-complexity -MMD -MP -MF"Core/Src/main.d" -MT"Core/Src/main.o" --specs=nano.specs -mfpu=fpv5-d16 -mfloat-abi=hard -mthumb -o "Core/Src/main.o"
arm-none-eabi-gcc -o "Lab02.elf" @"objects.list"   -mcpu=cortex-m7 -T"D:\KMITL_Life\CEDT_KMITL\YEAR2_Semester2\01076050 MICROCONTROLLER APPLICATION AND DEVELOPMENT\01076051 MICROCONTROLLER PROJECT\Lab02\STM32F767ZITX_FLASH.ld" --specs=nosys.specs -Wl,-Map="Lab02.map" -Wl,--gc-sections -static --specs=nano.specs -mfpu=fpv5-d16 -mfloat-abi=hard -mthumb -Wl,--start-group -lc -lm -Wl,--end-group
Finished building target: Lab02.elf
 
arm-none-eabi-size  Lab02.elf 
arm-none-eabi-objdump -h -S Lab02.elf  > "Lab02.list"
   text	   data	    bss	    dec	    hex	filename
   6520	     32	   1576	   8128	   1fc0	Lab02.elf
Finished building: default.size.stdout
 
Finished building: Lab02.list
 
13:25:33 **** Incremental Build of configuration Debug for project Lab02 ****
make -j16 all 
arm-none-eabi-size  Lab02.elf 
   text	   data	    bss	    dec	    hex	filename
   6520	     32	   1576	   8128	   1fc0	Lab02.elf
Finished building: default.size.stdout
 
13:26:55 **** Incremental Build of configuration Debug for project Lab02 ****
make -j16 all 
arm-none-eabi-gcc "../Core/Src/main.c" -mcpu=cortex-m7 -std=gnu11 -g3 -DDEBUG -DUSE_HAL_DRIVER -DSTM32F767xx -c -I../Core/Inc -I../Drivers/STM32F7xx_HAL_Driver/Inc -I../Drivers/STM32F7xx_HAL_Driver/Inc/Legacy -I../Drivers/CMSIS/Device/ST/STM32F7xx/Include -I../Drivers/CMSIS/Include -O0 -ffunction-sections -fdata-sections -Wall -fstack-usage -fcyclomatic-complexity -MMD -MP -MF"Core/Src/main.d" -MT"Core/Src/main.o" --specs=nano.specs -mfpu=fpv5-d16 -mfloat-abi=hard -mthumb -o "Core/Src/main.o"
arm-none-eabi-gcc -o "Lab02.elf" @"objects.list"   -mcpu=cortex-m7 -T"D:\KMITL_Life\CEDT_KMITL\YEAR2_Semester2\01076050 MICROCONTROLLER APPLICATION AND DEVELOPMENT\01076051 MICROCONTROLLER PROJECT\Lab02\STM32F767ZITX_FLASH.ld" --specs=nosys.specs -Wl,-Map="Lab02.map" -Wl,--gc-sections -static --specs=nano.specs -mfpu=fpv5-d16 -mfloat-abi=hard -mthumb -Wl,--start-group -lc -lm -Wl,--end-group
Finished building target: Lab02.elf
 
arm-none-eabi-size  Lab02.elf 
arm-none-eabi-objdump -h -S Lab02.elf  > "Lab02.list"
   text	   data	    bss	    dec	    hex	filename
   6524	     32	   1576	   8132	   1fc4	Lab02.elf
Finished building: default.size.stdout
 
Finished building: Lab02.list
 
13:29:28 **** Incremental Build of configuration Debug for project Lab02 ****
make -j16 all 
arm-none-eabi-gcc "../Core/Src/main.c" -mcpu=cortex-m7 -std=gnu11 -g3 -DDEBUG -DUSE_HAL_DRIVER -DSTM32F767xx -c -I../Core/Inc -I../Drivers/STM32F7xx_HAL_Driver/Inc -I../Drivers/STM32F7xx_HAL_Driver/Inc/Legacy -I../Drivers/CMSIS/Device/ST/STM32F7xx/Include -I../Drivers/CMSIS/Include -O0 -ffunction-sections -fdata-sections -Wall -fstack-usage -fcyclomatic-complexity -MMD -MP -MF"Core/Src/main.d" -MT"Core/Src/main.o" --specs=nano.specs -mfpu=fpv5-d16 -mfloat-abi=hard -mthumb -o "Core/Src/main.o"
arm-none-eabi-gcc -o "Lab02.elf" @"objects.list"   -mcpu=cortex-m7 -T"D:\KMITL_Life\CEDT_KMITL\YEAR2_Semester2\01076050 MICROCONTROLLER APPLICATION AND DEVELOPMENT\01076051 MICROCONTROLLER PROJECT\Lab02\STM32F767ZITX_FLASH.ld" --specs=nosys.specs -Wl,-Map="Lab02.map" -Wl,--gc-sections -static --specs=nano.specs -mfpu=fpv5-d16 -mfloat-abi=hard -mthumb -Wl,--start-group -lc -lm -Wl,--end-group
Finished building target: Lab02.elf
 
arm-none-eabi-size  Lab02.elf 
arm-none-eabi-objdump -h -S Lab02.elf  > "Lab02.list"
   text	   data	    bss	    dec	    hex	filename
   6524	     32	   1576	   8132	   1fc4	Lab02.elf
Finished building: default.size.stdout
 
Finished building: Lab02.list
 
13:30:48 **** Incremental Build of configuration Debug for project Lab02 ****
make -j16 all 
arm-none-eabi-gcc "../Core/Src/main.c" -mcpu=cortex-m7 -std=gnu11 -g3 -DDEBUG -DUSE_HAL_DRIVER -DSTM32F767xx -c -I../Core/Inc -I../Drivers/STM32F7xx_HAL_Driver/Inc -I../Drivers/STM32F7xx_HAL_Driver/Inc/Legacy -I../Drivers/CMSIS/Device/ST/STM32F7xx/Include -I../Drivers/CMSIS/Include -O0 -ffunction-sections -fdata-sections -Wall -fstack-usage -fcyclomatic-complexity -MMD -MP -MF"Core/Src/main.d" -MT"Core/Src/main.o" --specs=nano.specs -mfpu=fpv5-d16 -mfloat-abi=hard -mthumb -o "Core/Src/main.o"
arm-none-eabi-gcc -o "Lab02.elf" @"objects.list"   -mcpu=cortex-m7 -T"D:\KMITL_Life\CEDT_KMITL\YEAR2_Semester2\01076050 MICROCONTROLLER APPLICATION AND DEVELOPMENT\01076051 MICROCONTROLLER PROJECT\Lab02\STM32F767ZITX_FLASH.ld" --specs=nosys.specs -Wl,-Map="Lab02.map" -Wl,--gc-sections -static --specs=nano.specs -mfpu=fpv5-d16 -mfloat-abi=hard -mthumb -Wl,--start-group -lc -lm -Wl,--end-group
Finished building target: Lab02.elf
 
arm-none-eabi-size  Lab02.elf 
arm-none-eabi-objdump -h -S Lab02.elf  > "Lab02.list"
   text	   data	    bss	    dec	    hex	filename
   6524	     32	   1576	   8132	   1fc4	Lab02.elf
Finished building: default.size.stdout
 
Finished building: Lab02.list
 
13:37:28 **** Incremental Build of configuration Debug for project Lab02 ****
make -j16 all 
arm-none-eabi-gcc "../Core/Src/main.c" -mcpu=cortex-m7 -std=gnu11 -g3 -DDEBUG -DUSE_HAL_DRIVER -DSTM32F767xx -c -I../Core/Inc -I../Drivers/STM32F7xx_HAL_Driver/Inc -I../Drivers/STM32F7xx_HAL_Driver/Inc/Legacy -I../Drivers/CMSIS/Device/ST/STM32F7xx/Include -I../Drivers/CMSIS/Include -O0 -ffunction-sections -fdata-sections -Wall -fstack-usage -fcyclomatic-complexity -MMD -MP -MF"Core/Src/main.d" -MT"Core/Src/main.o" --specs=nano.specs -mfpu=fpv5-d16 -mfloat-abi=hard -mthumb -o "Core/Src/main.o"
arm-none-eabi-gcc -o "Lab02.elf" @"objects.list"   -mcpu=cortex-m7 -T"D:\KMITL_Life\CEDT_KMITL\YEAR2_Semester2\01076050 MICROCONTROLLER APPLICATION AND DEVELOPMENT\01076051 MICROCONTROLLER PROJECT\Lab02\STM32F767ZITX_FLASH.ld" --specs=nosys.specs -Wl,-Map="Lab02.map" -Wl,--gc-sections -static --specs=nano.specs -mfpu=fpv5-d16 -mfloat-abi=hard -mthumb -Wl,--start-group -lc -lm -Wl,--end-group
Finished building target: Lab02.elf
 
arm-none-eabi-size  Lab02.elf 
arm-none-eabi-objdump -h -S Lab02.elf  > "Lab02.list"
   text	   data	    bss	    dec	    hex	filename
   6524	     32	   1576	   8132	   1fc4	Lab02.elf
Finished building: default.size.stdout
 
Finished building: Lab02.list
 
13:40:51 **** Incremental Build of configuration Debug for project Lab02 ****
make -j16 all 
arm-none-eabi-gcc "../Core/Src/main.c" -mcpu=cortex-m7 -std=gnu11 -g3 -DDEBUG -DUSE_HAL_DRIVER -DSTM32F767xx -c -I../Core/Inc -I../Drivers/STM32F7xx_HAL_Driver/Inc -I../Drivers/STM32F7xx_HAL_Driver/Inc/Legacy -I../Drivers/CMSIS/Device/ST/STM32F7xx/Include -I../Drivers/CMSIS/Include -O0 -ffunction-sections -fdata-sections -Wall -fstack-usage -fcyclomatic-complexity -MMD -MP -MF"Core/Src/main.d" -MT"Core/Src/main.o" --specs=nano.specs -mfpu=fpv5-d16 -mfloat-abi=hard -mthumb -o "Core/Src/main.o"
arm-none-eabi-gcc -o "Lab02.elf" @"objects.list"   -mcpu=cortex-m7 -T"D:\KMITL_Life\CEDT_KMITL\YEAR2_Semester2\01076050 MICROCONTROLLER APPLICATION AND DEVELOPMENT\01076051 MICROCONTROLLER PROJECT\Lab02\STM32F767ZITX_FLASH.ld" --specs=nosys.specs -Wl,-Map="Lab02.map" -Wl,--gc-sections -static --specs=nano.specs -mfpu=fpv5-d16 -mfloat-abi=hard -mthumb -Wl,--start-group -lc -lm -Wl,--end-group
Finished building target: Lab02.elf
 
arm-none-eabi-size  Lab02.elf 
arm-none-eabi-objdump -h -S Lab02.elf  > "Lab02.list"
   text	   data	    bss	    dec	    hex	filename
   6556	     32	   1576	   8164	   1fe4	Lab02.elf
Finished building: default.size.stdout
 
Finished building: Lab02.list
 
13:40:56 **** Incremental Build of configuration Debug for project Lab02 ****
make -j16 all 
arm-none-eabi-size  Lab02.elf 
   text	   data	    bss	    dec	    hex	filename
   6556	     32	   1576	   8164	   1fe4	Lab02.elf
Finished building: default.size.stdout
 
13:41:54 **** Incremental Build of configuration Debug for project Lab02 ****
make -j16 all 
arm-none-eabi-gcc "../Core/Src/main.c" -mcpu=cortex-m7 -std=gnu11 -g3 -DDEBUG -DUSE_HAL_DRIVER -DSTM32F767xx -c -I../Core/Inc -I../Drivers/STM32F7xx_HAL_Driver/Inc -I../Drivers/STM32F7xx_HAL_Driver/Inc/Legacy -I../Drivers/CMSIS/Device/ST/STM32F7xx/Include -I../Drivers/CMSIS/Include -O0 -ffunction-sections -fdata-sections -Wall -fstack-usage -fcyclomatic-complexity -MMD -MP -MF"Core/Src/main.d" -MT"Core/Src/main.o" --specs=nano.specs -mfpu=fpv5-d16 -mfloat-abi=hard -mthumb -o "Core/Src/main.o"
arm-none-eabi-gcc -o "Lab02.elf" @"objects.list"   -mcpu=cortex-m7 -T"D:\KMITL_Life\CEDT_KMITL\YEAR2_Semester2\01076050 MICROCONTROLLER APPLICATION AND DEVELOPMENT\01076051 MICROCONTROLLER PROJECT\Lab02\STM32F767ZITX_FLASH.ld" --specs=nosys.specs -Wl,-Map="Lab02.map" -Wl,--gc-sections -static --specs=nano.specs -mfpu=fpv5-d16 -mfloat-abi=hard -mthumb -Wl,--start-group -lc -lm -Wl,--end-group
Finished building target: Lab02.elf
 
arm-none-eabi-size  Lab02.elf 
arm-none-eabi-objdump -h -S Lab02.elf  > "Lab02.list"
   text	   data	    bss	    dec	    hex	filename
   6584	     32	   1576	   8192	   2000	Lab02.elf
Finished building: default.size.stdout
 
Finished building: Lab02.list
 
13:43:26 **** Incremental Build of configuration Debug for project Lab02 ****
make -j16 all 
arm-none-eabi-gcc "../Core/Src/main.c" -mcpu=cortex-m7 -std=gnu11 -g3 -DDEBUG -DUSE_HAL_DRIVER -DSTM32F767xx -c -I../Core/Inc -I../Drivers/STM32F7xx_HAL_Driver/Inc -I../Drivers/STM32F7xx_HAL_Driver/Inc/Legacy -I../Drivers/CMSIS/Device/ST/STM32F7xx/Include -I../Drivers/CMSIS/Include -O0 -ffunction-sections -fdata-sections -Wall -fstack-usage -fcyclomatic-complexity -MMD -MP -MF"Core/Src/main.d" -MT"Core/Src/main.o" --specs=nano.specs -mfpu=fpv5-d16 -mfloat-abi=hard -mthumb -o "Core/Src/main.o"
../Core/Src/main.c: In function 'main':
../Core/Src/main.c:111:21: warning: statement with no effect [-Wunused-value]
  111 |         current_led - 1;
      |         ~~~~~~~~~~~~^~~
../Core/Src/main.c: At top level:
../Core/Src/main.c:127:1: error: expected identifier or '(' before '}' token
  127 | }
      | ^
make: *** [Core/Src/subdir.mk:37: Core/Src/main.o] Error 1
"make -j16 all" terminated with exit code 2. Build might be incomplete.
13:43:43 **** Incremental Build of configuration Debug for project Lab02 ****
make -j16 all 
arm-none-eabi-gcc "../Core/Src/main.c" -mcpu=cortex-m7 -std=gnu11 -g3 -DDEBUG -DUSE_HAL_DRIVER -DSTM32F767xx -c -I../Core/Inc -I../Drivers/STM32F7xx_HAL_Driver/Inc -I../Drivers/STM32F7xx_HAL_Driver/Inc/Legacy -I../Drivers/CMSIS/Device/ST/STM32F7xx/Include -I../Drivers/CMSIS/Include -O0 -ffunction-sections -fdata-sections -Wall -fstack-usage -fcyclomatic-complexity -MMD -MP -MF"Core/Src/main.d" -MT"Core/Src/main.o" --specs=nano.specs -mfpu=fpv5-d16 -mfloat-abi=hard -mthumb -o "Core/Src/main.o"
../Core/Src/main.c:127:1: error: expected identifier or '(' before '}' token
  127 | }
      | ^
make: *** [Core/Src/subdir.mk:37: Core/Src/main.o] Error 1
"make -j16 all" terminated with exit code 2. Build might be incomplete.
13:44:00 **** Incremental Build of configuration Debug for project Lab02 ****
make -j16 all 
arm-none-eabi-gcc "../Core/Src/main.c" -mcpu=cortex-m7 -std=gnu11 -g3 -DDEBUG -DUSE_HAL_DRIVER -DSTM32F767xx -c -I../Core/Inc -I../Drivers/STM32F7xx_HAL_Driver/Inc -I../Drivers/STM32F7xx_HAL_Driver/Inc/Legacy -I../Drivers/CMSIS/Device/ST/STM32F7xx/Include -I../Drivers/CMSIS/Include -O0 -ffunction-sections -fdata-sections -Wall -fstack-usage -fcyclomatic-complexity -MMD -MP -MF"Core/Src/main.d" -MT"Core/Src/main.o" --specs=nano.specs -mfpu=fpv5-d16 -mfloat-abi=hard -mthumb -o "Core/Src/main.o"
../Core/Src/main.c:127:1: error: expected identifier or '(' before '}' token
  127 | }
      | ^
make: *** [Core/Src/subdir.mk:37: Core/Src/main.o] Error 1
"make -j16 all" terminated with exit code 2. Build might be incomplete.
13:44:08 **** Incremental Build of configuration Debug for project Lab02 ****
make -j16 all 
arm-none-eabi-gcc "../Core/Src/main.c" -mcpu=cortex-m7 -std=gnu11 -g3 -DDEBUG -DUSE_HAL_DRIVER -DSTM32F767xx -c -I../Core/Inc -I../Drivers/STM32F7xx_HAL_Driver/Inc -I../Drivers/STM32F7xx_HAL_Driver/Inc/Legacy -I../Drivers/CMSIS/Device/ST/STM32F7xx/Include -I../Drivers/CMSIS/Include -O0 -ffunction-sections -fdata-sections -Wall -fstack-usage -fcyclomatic-complexity -MMD -MP -MF"Core/Src/main.d" -MT"Core/Src/main.o" --specs=nano.specs -mfpu=fpv5-d16 -mfloat-abi=hard -mthumb -o "Core/Src/main.o"
../Core/Src/main.c:127:1: error: expected identifier or '(' before '}' token
  127 | }
      | ^
make: *** [Core/Src/subdir.mk:37: Core/Src/main.o] Error 1
"make -j16 all" terminated with exit code 2. Build might be incomplete.
13:44:35 **** Incremental Build of configuration Debug for project Lab02 ****
make -j16 all 
arm-none-eabi-gcc "../Core/Src/main.c" -mcpu=cortex-m7 -std=gnu11 -g3 -DDEBUG -DUSE_HAL_DRIVER -DSTM32F767xx -c -I../Core/Inc -I../Drivers/STM32F7xx_HAL_Driver/Inc -I../Drivers/STM32F7xx_HAL_Driver/Inc/Legacy -I../Drivers/CMSIS/Device/ST/STM32F7xx/Include -I../Drivers/CMSIS/Include -O0 -ffunction-sections -fdata-sections -Wall -fstack-usage -fcyclomatic-complexity -MMD -MP -MF"Core/Src/main.d" -MT"Core/Src/main.o" --specs=nano.specs -mfpu=fpv5-d16 -mfloat-abi=hard -mthumb -o "Core/Src/main.o"
../Core/Src/main.c:127:1: error: expected identifier or '(' before '}' token
  127 | }
      | ^
make: *** [Core/Src/subdir.mk:37: Core/Src/main.o] Error 1
"make -j16 all" terminated with exit code 2. Build might be incomplete.
13:45:01 **** Incremental Build of configuration Debug for project Lab02 ****
make -j16 all 
arm-none-eabi-gcc "../Core/Src/main.c" -mcpu=cortex-m7 -std=gnu11 -g3 -DDEBUG -DUSE_HAL_DRIVER -DSTM32F767xx -c -I../Core/Inc -I../Drivers/STM32F7xx_HAL_Driver/Inc -I../Drivers/STM32F7xx_HAL_Driver/Inc/Legacy -I../Drivers/CMSIS/Device/ST/STM32F7xx/Include -I../Drivers/CMSIS/Include -O0 -ffunction-sections -fdata-sections -Wall -fstack-usage -fcyclomatic-complexity -MMD -MP -MF"Core/Src/main.d" -MT"Core/Src/main.o" --specs=nano.specs -mfpu=fpv5-d16 -mfloat-abi=hard -mthumb -o "Core/Src/main.o"
arm-none-eabi-gcc -o "Lab02.elf" @"objects.list"   -mcpu=cortex-m7 -T"D:\KMITL_Life\CEDT_KMITL\YEAR2_Semester2\01076050 MICROCONTROLLER APPLICATION AND DEVELOPMENT\01076051 MICROCONTROLLER PROJECT\Lab02\STM32F767ZITX_FLASH.ld" --specs=nosys.specs -Wl,-Map="Lab02.map" -Wl,--gc-sections -static --specs=nano.specs -mfpu=fpv5-d16 -mfloat-abi=hard -mthumb -Wl,--start-group -lc -lm -Wl,--end-group
Finished building target: Lab02.elf
 
arm-none-eabi-size  Lab02.elf 
arm-none-eabi-objdump -h -S Lab02.elf  > "Lab02.list"
   text	   data	    bss	    dec	    hex	filename
   6528	     32	   1576	   8136	   1fc8	Lab02.elf
Finished building: default.size.stdout
 
Finished building: Lab02.list
 
13:45:05 **** Incremental Build of configuration Debug for project Lab02 ****
make -j16 all 
arm-none-eabi-size  Lab02.elf 
   text	   data	    bss	    dec	    hex	filename
   6528	     32	   1576	   8136	   1fc8	Lab02.elf
Finished building: default.size.stdout
 
13:45:30 **** Incremental Build of configuration Debug for project Lab02 ****
make -j16 all 
arm-none-eabi-gcc "../Core/Src/main.c" -mcpu=cortex-m7 -std=gnu11 -g3 -DDEBUG -DUSE_HAL_DRIVER -DSTM32F767xx -c -I../Core/Inc -I../Drivers/STM32F7xx_HAL_Driver/Inc -I../Drivers/STM32F7xx_HAL_Driver/Inc/Legacy -I../Drivers/CMSIS/Device/ST/STM32F7xx/Include -I../Drivers/CMSIS/Include -O0 -ffunction-sections -fdata-sections -Wall -fstack-usage -fcyclomatic-complexity -MMD -MP -MF"Core/Src/main.d" -MT"Core/Src/main.o" --specs=nano.specs -mfpu=fpv5-d16 -mfloat-abi=hard -mthumb -o "Core/Src/main.o"
arm-none-eabi-gcc -o "Lab02.elf" @"objects.list"   -mcpu=cortex-m7 -T"D:\KMITL_Life\CEDT_KMITL\YEAR2_Semester2\01076050 MICROCONTROLLER APPLICATION AND DEVELOPMENT\01076051 MICROCONTROLLER PROJECT\Lab02\STM32F767ZITX_FLASH.ld" --specs=nosys.specs -Wl,-Map="Lab02.map" -Wl,--gc-sections -static --specs=nano.specs -mfpu=fpv5-d16 -mfloat-abi=hard -mthumb -Wl,--start-group -lc -lm -Wl,--end-group
Finished building target: Lab02.elf
 
arm-none-eabi-size  Lab02.elf 
arm-none-eabi-objdump -h -S Lab02.elf  > "Lab02.list"
   text	   data	    bss	    dec	    hex	filename
   6528	     32	   1576	   8136	   1fc8	Lab02.elf
Finished building: default.size.stdout
 
Finished building: Lab02.list
 
13:45:34 **** Incremental Build of configuration Debug for project Lab02 ****
make -j16 all 
arm-none-eabi-size  Lab02.elf 
   text	   data	    bss	    dec	    hex	filename
   6528	     32	   1576	   8136	   1fc8	Lab02.elf
Finished building: default.size.stdout
 
13:47:28 **** Incremental Build of configuration Debug for project Lab02 ****
make -j16 all 
arm-none-eabi-gcc "../Core/Src/main.c" -mcpu=cortex-m7 -std=gnu11 -g3 -DDEBUG -DUSE_HAL_DRIVER -DSTM32F767xx -c -I../Core/Inc -I../Drivers/STM32F7xx_HAL_Driver/Inc -I../Drivers/STM32F7xx_HAL_Driver/Inc/Legacy -I../Drivers/CMSIS/Device/ST/STM32F7xx/Include -I../Drivers/CMSIS/Include -O0 -ffunction-sections -fdata-sections -Wall -fstack-usage -fcyclomatic-complexity -MMD -MP -MF"Core/Src/main.d" -MT"Core/Src/main.o" --specs=nano.specs -mfpu=fpv5-d16 -mfloat-abi=hard -mthumb -o "Core/Src/main.o"
../Core/Src/main.c:48:24: error: 'BLANK' undeclared here (not in a function)
   48 | uint16_t LED_PINS[] = {BLANK ,GPIO_PIN_7, GPIO_PIN_6, GPIO_PIN_5, GPIO_PIN_4, GPIO_PIN_3};
      |                        ^~~~~
make: *** [Core/Src/subdir.mk:37: Core/Src/main.o] Error 1
"make -j16 all" terminated with exit code 2. Build might be incomplete.
13:48:10 **** Incremental Build of configuration Debug for project Lab02 ****
make -j16 all 
arm-none-eabi-gcc "../Core/Src/main.c" -mcpu=cortex-m7 -std=gnu11 -g3 -DDEBUG -DUSE_HAL_DRIVER -DSTM32F767xx -c -I../Core/Inc -I../Drivers/STM32F7xx_HAL_Driver/Inc -I../Drivers/STM32F7xx_HAL_Driver/Inc/Legacy -I../Drivers/CMSIS/Device/ST/STM32F7xx/Include -I../Drivers/CMSIS/Include -O0 -ffunction-sections -fdata-sections -Wall -fstack-usage -fcyclomatic-complexity -MMD -MP -MF"Core/Src/main.d" -MT"Core/Src/main.o" --specs=nano.specs -mfpu=fpv5-d16 -mfloat-abi=hard -mthumb -o "Core/Src/main.o"
arm-none-eabi-gcc -o "Lab02.elf" @"objects.list"   -mcpu=cortex-m7 -T"D:\KMITL_Life\CEDT_KMITL\YEAR2_Semester2\01076050 MICROCONTROLLER APPLICATION AND DEVELOPMENT\01076051 MICROCONTROLLER PROJECT\Lab02\STM32F767ZITX_FLASH.ld" --specs=nosys.specs -Wl,-Map="Lab02.map" -Wl,--gc-sections -static --specs=nano.specs -mfpu=fpv5-d16 -mfloat-abi=hard -mthumb -Wl,--start-group -lc -lm -Wl,--end-group
Finished building target: Lab02.elf
 
arm-none-eabi-size  Lab02.elf 
arm-none-eabi-objdump -h -S Lab02.elf  > "Lab02.list"
   text	   data	    bss	    dec	    hex	filename
   6516	     36	   1572	   8124	   1fbc	Lab02.elf
Finished building: default.size.stdout
 
Finished building: Lab02.list
 
13:48:13 **** Incremental Build of configuration Debug for project Lab02 ****
make -j16 all 
arm-none-eabi-size  Lab02.elf 
   text	   data	    bss	    dec	    hex	filename
   6516	     36	   1572	   8124	   1fbc	Lab02.elf
Finished building: default.size.stdout
 
13:48:39 **** Incremental Build of configuration Debug for project Lab02 ****
make -j16 all 
arm-none-eabi-size  Lab02.elf 
   text	   data	    bss	    dec	    hex	filename
   6516	     36	   1572	   8124	   1fbc	Lab02.elf
Finished building: default.size.stdout
 
13:49:02 **** Incremental Build of configuration Debug for project Lab02 ****
make -j16 all 
arm-none-eabi-size  Lab02.elf 
   text	   data	    bss	    dec	    hex	filename
   6516	     36	   1572	   8124	   1fbc	Lab02.elf
Finished building: default.size.stdout
 
13:49:45 **** Incremental Build of configuration Debug for project Lab02 ****
make -j16 all 
arm-none-eabi-size  Lab02.elf 
   text	   data	    bss	    dec	    hex	filename
   6516	     36	   1572	   8124	   1fbc	Lab02.elf
Finished building: default.size.stdout
 
13:52:19 **** Incremental Build of configuration Debug for project Lab02 ****
make -j16 all 
arm-none-eabi-gcc "../Core/Src/main.c" -mcpu=cortex-m7 -std=gnu11 -g3 -DDEBUG -DUSE_HAL_DRIVER -DSTM32F767xx -c -I../Core/Inc -I../Drivers/STM32F7xx_HAL_Driver/Inc -I../Drivers/STM32F7xx_HAL_Driver/Inc/Legacy -I../Drivers/CMSIS/Device/ST/STM32F7xx/Include -I../Drivers/CMSIS/Include -O0 -ffunction-sections -fdata-sections -Wall -fstack-usage -fcyclomatic-complexity -MMD -MP -MF"Core/Src/main.d" -MT"Core/Src/main.o" --specs=nano.specs -mfpu=fpv5-d16 -mfloat-abi=hard -mthumb -o "Core/Src/main.o"
../Core/Src/main.c:47: warning: "GPIO_PIN_2" redefined
   47 | #define GPIO_PIN_2 = HAL_GPIO_ReadPin(GPIOE, GPIO_PIN_2)
      | 
In file included from ../Core/Inc/stm32f7xx_hal_conf.h:279,
                 from ../Drivers/STM32F7xx_HAL_Driver/Inc/stm32f7xx_hal.h:29,
                 from ../Core/Inc/main.h:30,
                 from ../Core/Src/main.c:20:
../Drivers/STM32F7xx_HAL_Driver/Inc/stm32f7xx_hal_gpio.h:87: note: this is the location of the previous definition
   87 | #define GPIO_PIN_2                 ((uint16_t)0x0004U)  /* Pin 2 selected    */
      | 
arm-none-eabi-gcc -o "Lab02.elf" @"objects.list"   -mcpu=cortex-m7 -T"D:\KMITL_Life\CEDT_KMITL\YEAR2_Semester2\01076050 MICROCONTROLLER APPLICATION AND DEVELOPMENT\01076051 MICROCONTROLLER PROJECT\Lab02\STM32F767ZITX_FLASH.ld" --specs=nosys.specs -Wl,-Map="Lab02.map" -Wl,--gc-sections -static --specs=nano.specs -mfpu=fpv5-d16 -mfloat-abi=hard -mthumb -Wl,--start-group -lc -lm -Wl,--end-group
Finished building target: Lab02.elf
 
arm-none-eabi-size  Lab02.elf 
arm-none-eabi-objdump -h -S Lab02.elf  > "Lab02.list"
   text	   data	    bss	    dec	    hex	filename
   6516	     36	   1572	   8124	   1fbc	Lab02.elf
Finished building: default.size.stdout
 
Finished building: Lab02.list
 
13:53:26 **** Incremental Build of configuration Debug for project Lab02 ****
make -j16 all 
arm-none-eabi-gcc "../Core/Src/main.c" -mcpu=cortex-m7 -std=gnu11 -g3 -DDEBUG -DUSE_HAL_DRIVER -DSTM32F767xx -c -I../Core/Inc -I../Drivers/STM32F7xx_HAL_Driver/Inc -I../Drivers/STM32F7xx_HAL_Driver/Inc/Legacy -I../Drivers/CMSIS/Device/ST/STM32F7xx/Include -I../Drivers/CMSIS/Include -O0 -ffunction-sections -fdata-sections -Wall -fstack-usage -fcyclomatic-complexity -MMD -MP -MF"Core/Src/main.d" -MT"Core/Src/main.o" --specs=nano.specs -mfpu=fpv5-d16 -mfloat-abi=hard -mthumb -o "Core/Src/main.o"
../Core/Src/main.c:47: warning: "GPIO_PIN_2" redefined
   47 | #define GPIO_PIN_2 = HAL_GPIO_ReadPin(GPIOE, GPIO_PIN_2)
      | 
In file included from ../Core/Inc/stm32f7xx_hal_conf.h:279,
                 from ../Drivers/STM32F7xx_HAL_Driver/Inc/stm32f7xx_hal.h:29,
                 from ../Core/Inc/main.h:30,
                 from ../Core/Src/main.c:20:
../Drivers/STM32F7xx_HAL_Driver/Inc/stm32f7xx_hal_gpio.h:87: note: this is the location of the previous definition
   87 | #define GPIO_PIN_2                 ((uint16_t)0x0004U)  /* Pin 2 selected    */
      | 
../Core/Src/main.c:48: warning: "GPIO_PIN_1" redefined
   48 | #define GPIO_PIN_1 = HAL_GPIO_ReadPin(GPIOE, GPIO_PIN_4)
      | 
In file included from ../Core/Inc/stm32f7xx_hal_conf.h:279,
                 from ../Drivers/STM32F7xx_HAL_Driver/Inc/stm32f7xx_hal.h:29,
                 from ../Core/Inc/main.h:30,
                 from ../Core/Src/main.c:20:
../Drivers/STM32F7xx_HAL_Driver/Inc/stm32f7xx_hal_gpio.h:86: note: this is the location of the previous definition
   86 | #define GPIO_PIN_1                 ((uint16_t)0x0002U)  /* Pin 1 selected    */
      | 
../Core/Src/main.c:49: warning: "GPIO_PIN_0" redefined
   49 | #define GPIO_PIN_0 = HAL_GPIO_ReadPin(GPIOE, GPIO_PIN_5)
      | 
In file included from ../Core/Inc/stm32f7xx_hal_conf.h:279,
                 from ../Drivers/STM32F7xx_HAL_Driver/Inc/stm32f7xx_hal.h:29,
                 from ../Core/Inc/main.h:30,
                 from ../Core/Src/main.c:20:
../Drivers/STM32F7xx_HAL_Driver/Inc/stm32f7xx_hal_gpio.h:85: note: this is the location of the previous definition
   85 | #define GPIO_PIN_0                 ((uint16_t)0x0001U)  /* Pin 0 selected    */
      | 
../Core/Src/main.c:47:20: error: expected expression before '=' token
   47 | #define GPIO_PIN_2 = HAL_GPIO_ReadPin(GPIOE, GPIO_PIN_2)
      |                    ^
../Core/Src/main.c:52:84: note: in expansion of macro 'GPIO_PIN_2'
   52 | uint16_t LED_PINS[] = {GPIO_PIN_7, GPIO_PIN_6, GPIO_PIN_5, GPIO_PIN_4, GPIO_PIN_3, GPIO_PIN_2, GPIO_PIN_1, GPIO_PIN_0};
      |                                                                                    ^~~~~~~~~~
../Core/Src/main.c:47:46: error: 'GPIO_PIN_2' undeclared here (not in a function); did you mean 'GPIO_PIN_SET'?
   47 | #define GPIO_PIN_2 = HAL_GPIO_ReadPin(GPIOE, GPIO_PIN_2)
      |                                              ^~~~~~~~~~
../Core/Src/main.c:52:84: note: in expansion of macro 'GPIO_PIN_2'
   52 | uint16_t LED_PINS[] = {GPIO_PIN_7, GPIO_PIN_6, GPIO_PIN_5, GPIO_PIN_4, GPIO_PIN_3, GPIO_PIN_2, GPIO_PIN_1, GPIO_PIN_0};
      |                                                                                    ^~~~~~~~~~
../Core/Src/main.c:48:20: error: expected expression before '=' token
   48 | #define GPIO_PIN_1 = HAL_GPIO_ReadPin(GPIOE, GPIO_PIN_4)
      |                    ^
../Core/Src/main.c:52:96: note: in expansion of macro 'GPIO_PIN_1'
   52 | uint16_t LED_PINS[] = {GPIO_PIN_7, GPIO_PIN_6, GPIO_PIN_5, GPIO_PIN_4, GPIO_PIN_3, GPIO_PIN_2, GPIO_PIN_1, GPIO_PIN_0};
      |                                                                                                ^~~~~~~~~~
../Core/Src/main.c:49:20: error: expected expression before '=' token
   49 | #define GPIO_PIN_0 = HAL_GPIO_ReadPin(GPIOE, GPIO_PIN_5)
      |                    ^
../Core/Src/main.c:52:108: note: in expansion of macro 'GPIO_PIN_0'
   52 | uint16_t LED_PINS[] = {GPIO_PIN_7, GPIO_PIN_6, GPIO_PIN_5, GPIO_PIN_4, GPIO_PIN_3, GPIO_PIN_2, GPIO_PIN_1, GPIO_PIN_0};
      |                                                                                                            ^~~~~~~~~~
../Core/Src/main.c: In function 'main':
../Core/Src/main.c:49:20: error: expected expression before '=' token
   49 | #define GPIO_PIN_0 = HAL_GPIO_ReadPin(GPIOE, GPIO_PIN_5)
      |                    ^
../Core/Src/main.c:113:33: note: in expansion of macro 'GPIO_PIN_0'
  113 |     if (HAL_GPIO_ReadPin(GPIOA, GPIO_PIN_0) == GPIO_PIN_RESET)
      |                                 ^~~~~~~~~~
make: *** [Core/Src/subdir.mk:37: Core/Src/main.o] Error 1
"make -j16 all" terminated with exit code 2. Build might be incomplete.
13:54:39 **** Incremental Build of configuration Debug for project Lab02 ****
make -j16 all 
arm-none-eabi-gcc "../Core/Src/main.c" -mcpu=cortex-m7 -std=gnu11 -g3 -DDEBUG -DUSE_HAL_DRIVER -DSTM32F767xx -c -I../Core/Inc -I../Drivers/STM32F7xx_HAL_Driver/Inc -I../Drivers/STM32F7xx_HAL_Driver/Inc/Legacy -I../Drivers/CMSIS/Device/ST/STM32F7xx/Include -I../Drivers/CMSIS/Include -O0 -ffunction-sections -fdata-sections -Wall -fstack-usage -fcyclomatic-complexity -MMD -MP -MF"Core/Src/main.d" -MT"Core/Src/main.o" --specs=nano.specs -mfpu=fpv5-d16 -mfloat-abi=hard -mthumb -o "Core/Src/main.o"
../Core/Src/main.c:47: warning: "GPIO_PIN_2" redefined
   47 | #define GPIO_PIN_2 = HAL_GPIO_ReadPin(GPIOE, GPIO_PIN_2)
      | 
In file included from ../Core/Inc/stm32f7xx_hal_conf.h:279,
                 from ../Drivers/STM32F7xx_HAL_Driver/Inc/stm32f7xx_hal.h:29,
                 from ../Core/Inc/main.h:30,
                 from ../Core/Src/main.c:20:
../Drivers/STM32F7xx_HAL_Driver/Inc/stm32f7xx_hal_gpio.h:87: note: this is the location of the previous definition
   87 | #define GPIO_PIN_2                 ((uint16_t)0x0004U)  /* Pin 2 selected    */
      | 
../Core/Src/main.c:48: warning: "GPIO_PIN_1" redefined
   48 | #define GPIO_PIN_1 = HAL_GPIO_ReadPin(GPIOE, GPIO_PIN_4)
      | 
In file included from ../Core/Inc/stm32f7xx_hal_conf.h:279,
                 from ../Drivers/STM32F7xx_HAL_Driver/Inc/stm32f7xx_hal.h:29,
                 from ../Core/Inc/main.h:30,
                 from ../Core/Src/main.c:20:
../Drivers/STM32F7xx_HAL_Driver/Inc/stm32f7xx_hal_gpio.h:86: note: this is the location of the previous definition
   86 | #define GPIO_PIN_1                 ((uint16_t)0x0002U)  /* Pin 1 selected    */
      | 
../Core/Src/main.c:49: warning: "GPIO_PIN_0" redefined
   49 | #define GPIO_PIN_0 = HAL_GPIO_ReadPin(GPIOE, GPIO_PIN_5)
      | 
In file included from ../Core/Inc/stm32f7xx_hal_conf.h:279,
                 from ../Drivers/STM32F7xx_HAL_Driver/Inc/stm32f7xx_hal.h:29,
                 from ../Core/Inc/main.h:30,
                 from ../Core/Src/main.c:20:
../Drivers/STM32F7xx_HAL_Driver/Inc/stm32f7xx_hal_gpio.h:85: note: this is the location of the previous definition
   85 | #define GPIO_PIN_0                 ((uint16_t)0x0001U)  /* Pin 0 selected    */
      | 
../Core/Src/main.c:47:20: error: expected expression before '=' token
   47 | #define GPIO_PIN_2 = HAL_GPIO_ReadPin(GPIOE, GPIO_PIN_2)
      |                    ^
../Core/Src/main.c:52:84: note: in expansion of macro 'GPIO_PIN_2'
   52 | uint16_t LED_PINS[] = {GPIO_PIN_7, GPIO_PIN_6, GPIO_PIN_5, GPIO_PIN_4, GPIO_PIN_3, GPIO_PIN_2, GPIO_PIN_1, GPIO_PIN_0};
      |                                                                                    ^~~~~~~~~~
../Core/Src/main.c:47:46: error: 'GPIO_PIN_2' undeclared here (not in a function); did you mean 'GPIO_PIN_SET'?
   47 | #define GPIO_PIN_2 = HAL_GPIO_ReadPin(GPIOE, GPIO_PIN_2)
      |                                              ^~~~~~~~~~
../Core/Src/main.c:52:84: note: in expansion of macro 'GPIO_PIN_2'
   52 | uint16_t LED_PINS[] = {GPIO_PIN_7, GPIO_PIN_6, GPIO_PIN_5, GPIO_PIN_4, GPIO_PIN_3, GPIO_PIN_2, GPIO_PIN_1, GPIO_PIN_0};
      |                                                                                    ^~~~~~~~~~
../Core/Src/main.c:48:20: error: expected expression before '=' token
   48 | #define GPIO_PIN_1 = HAL_GPIO_ReadPin(GPIOE, GPIO_PIN_4)
      |                    ^
../Core/Src/main.c:52:96: note: in expansion of macro 'GPIO_PIN_1'
   52 | uint16_t LED_PINS[] = {GPIO_PIN_7, GPIO_PIN_6, GPIO_PIN_5, GPIO_PIN_4, GPIO_PIN_3, GPIO_PIN_2, GPIO_PIN_1, GPIO_PIN_0};
      |                                                                                                ^~~~~~~~~~
../Core/Src/main.c:49:20: error: expected expression before '=' token
   49 | #define GPIO_PIN_0 = HAL_GPIO_ReadPin(GPIOE, GPIO_PIN_5)
      |                    ^
../Core/Src/main.c:52:108: note: in expansion of macro 'GPIO_PIN_0'
   52 | uint16_t LED_PINS[] = {GPIO_PIN_7, GPIO_PIN_6, GPIO_PIN_5, GPIO_PIN_4, GPIO_PIN_3, GPIO_PIN_2, GPIO_PIN_1, GPIO_PIN_0};
      |                                                                                                            ^~~~~~~~~~
../Core/Src/main.c: In function 'main':
../Core/Src/main.c:49:20: error: expected expression before '=' token
   49 | #define GPIO_PIN_0 = HAL_GPIO_ReadPin(GPIOE, GPIO_PIN_5)
      |                    ^
../Core/Src/main.c:113:33: note: in expansion of macro 'GPIO_PIN_0'
  113 |     if (HAL_GPIO_ReadPin(GPIOA, GPIO_PIN_0) == GPIO_PIN_RESET)
      |                                 ^~~~~~~~~~
make: *** [Core/Src/subdir.mk:37: Core/Src/main.o] Error 1
"make -j16 all" terminated with exit code 2. Build might be incomplete.
13:55:58 **** Incremental Build of configuration Debug for project Lab02 ****
make -j16 all 
arm-none-eabi-gcc "../Core/Src/main.c" -mcpu=cortex-m7 -std=gnu11 -g3 -DDEBUG -DUSE_HAL_DRIVER -DSTM32F767xx -c -I../Core/Inc -I../Drivers/STM32F7xx_HAL_Driver/Inc -I../Drivers/STM32F7xx_HAL_Driver/Inc/Legacy -I../Drivers/CMSIS/Device/ST/STM32F7xx/Include -I../Drivers/CMSIS/Include -O0 -ffunction-sections -fdata-sections -Wall -fstack-usage -fcyclomatic-complexity -MMD -MP -MF"Core/Src/main.d" -MT"Core/Src/main.o" --specs=nano.specs -mfpu=fpv5-d16 -mfloat-abi=hard -mthumb -o "Core/Src/main.o"
arm-none-eabi-gcc -o "Lab02.elf" @"objects.list"   -mcpu=cortex-m7 -T"D:\KMITL_Life\CEDT_KMITL\YEAR2_Semester2\01076050 MICROCONTROLLER APPLICATION AND DEVELOPMENT\01076051 MICROCONTROLLER PROJECT\Lab02\STM32F767ZITX_FLASH.ld" --specs=nosys.specs -Wl,-Map="Lab02.map" -Wl,--gc-sections -static --specs=nano.specs -mfpu=fpv5-d16 -mfloat-abi=hard -mthumb -Wl,--start-group -lc -lm -Wl,--end-group
Finished building target: Lab02.elf
 
arm-none-eabi-size  Lab02.elf 
arm-none-eabi-objdump -h -S Lab02.elf  > "Lab02.list"
   text	   data	    bss	    dec	    hex	filename
   6508	     40	   1568	   8116	   1fb4	Lab02.elf
Finished building: default.size.stdout
 
Finished building: Lab02.list
 
13:57:00 **** Incremental Build of configuration Debug for project Lab02 ****
make -j16 all 
arm-none-eabi-gcc "../Core/Src/main.c" -mcpu=cortex-m7 -std=gnu11 -g3 -DDEBUG -DUSE_HAL_DRIVER -DSTM32F767xx -c -I../Core/Inc -I../Drivers/STM32F7xx_HAL_Driver/Inc -I../Drivers/STM32F7xx_HAL_Driver/Inc/Legacy -I../Drivers/CMSIS/Device/ST/STM32F7xx/Include -I../Drivers/CMSIS/Include -O0 -ffunction-sections -fdata-sections -Wall -fstack-usage -fcyclomatic-complexity -MMD -MP -MF"Core/Src/main.d" -MT"Core/Src/main.o" --specs=nano.specs -mfpu=fpv5-d16 -mfloat-abi=hard -mthumb -o "Core/Src/main.o"
arm-none-eabi-gcc -o "Lab02.elf" @"objects.list"   -mcpu=cortex-m7 -T"D:\KMITL_Life\CEDT_KMITL\YEAR2_Semester2\01076050 MICROCONTROLLER APPLICATION AND DEVELOPMENT\01076051 MICROCONTROLLER PROJECT\Lab02\STM32F767ZITX_FLASH.ld" --specs=nosys.specs -Wl,-Map="Lab02.map" -Wl,--gc-sections -static --specs=nano.specs -mfpu=fpv5-d16 -mfloat-abi=hard -mthumb -Wl,--start-group -lc -lm -Wl,--end-group
Finished building target: Lab02.elf
 
arm-none-eabi-size  Lab02.elf 
arm-none-eabi-objdump -h -S Lab02.elf  > "Lab02.list"
   text	   data	    bss	    dec	    hex	filename
   6508	     36	   1572	   8116	   1fb4	Lab02.elf
Finished building: default.size.stdout
 
Finished building: Lab02.list
 
13:57:05 **** Incremental Build of configuration Debug for project Lab02 ****
make -j16 all 
arm-none-eabi-size  Lab02.elf 
   text	   data	    bss	    dec	    hex	filename
   6508	     36	   1572	   8116	   1fb4	Lab02.elf
Finished building: default.size.stdout
 
14:06:53 **** Incremental Build of configuration Debug for project Lab02 ****
make -j16 all 
arm-none-eabi-gcc "../Core/Src/gpio.c" -mcpu=cortex-m7 -std=gnu11 -g3 -DDEBUG -DUSE_HAL_DRIVER -DSTM32F767xx -c -I../Core/Inc -I../Drivers/STM32F7xx_HAL_Driver/Inc -I../Drivers/STM32F7xx_HAL_Driver/Inc/Legacy -I../Drivers/CMSIS/Device/ST/STM32F7xx/Include -I../Drivers/CMSIS/Include -O0 -ffunction-sections -fdata-sections -Wall -fstack-usage -fcyclomatic-complexity -MMD -MP -MF"Core/Src/gpio.d" -MT"Core/Src/gpio.o" --specs=nano.specs -mfpu=fpv5-d16 -mfloat-abi=hard -mthumb -o "Core/Src/gpio.o"
arm-none-eabi-gcc "../Core/Src/main.c" -mcpu=cortex-m7 -std=gnu11 -g3 -DDEBUG -DUSE_HAL_DRIVER -DSTM32F767xx -c -I../Core/Inc -I../Drivers/STM32F7xx_HAL_Driver/Inc -I../Drivers/STM32F7xx_HAL_Driver/Inc/Legacy -I../Drivers/CMSIS/Device/ST/STM32F7xx/Include -I../Drivers/CMSIS/Include -O0 -ffunction-sections -fdata-sections -Wall -fstack-usage -fcyclomatic-complexity -MMD -MP -MF"Core/Src/main.d" -MT"Core/Src/main.o" --specs=nano.specs -mfpu=fpv5-d16 -mfloat-abi=hard -mthumb -o "Core/Src/main.o"
../Core/Src/main.c: In function 'main':
../Core/Src/main.c:204:1: error: expected declaration or statement at end of input
  204 | }
      | ^
At top level:
../Core/Src/main.c:195:6: warning: 'Error_Handler' defined but not used [-Wunused-function]
  195 | void Error_Handler(void)
      |      ^~~~~~~~~~~~~
../Core/Src/main.c:137:6: warning: 'SystemClock_Config' defined but not used [-Wunused-function]
  137 | void SystemClock_Config(void)
      |      ^~~~~~~~~~~~~~~~~~
make: *** [Core/Src/subdir.mk:37: Core/Src/main.o] Error 1
make: *** Waiting for unfinished jobs....
"make -j16 all" terminated with exit code 2. Build might be incomplete.
14:07:23 **** Incremental Build of configuration Debug for project Lab02 ****
make -j16 all 
arm-none-eabi-gcc "../Core/Src/main.c" -mcpu=cortex-m7 -std=gnu11 -g3 -DDEBUG -DUSE_HAL_DRIVER -DSTM32F767xx -c -I../Core/Inc -I../Drivers/STM32F7xx_HAL_Driver/Inc -I../Drivers/STM32F7xx_HAL_Driver/Inc/Legacy -I../Drivers/CMSIS/Device/ST/STM32F7xx/Include -I../Drivers/CMSIS/Include -O0 -ffunction-sections -fdata-sections -Wall -fstack-usage -fcyclomatic-complexity -MMD -MP -MF"Core/Src/main.d" -MT"Core/Src/main.o" --specs=nano.specs -mfpu=fpv5-d16 -mfloat-abi=hard -mthumb -o "Core/Src/main.o"
arm-none-eabi-gcc -o "Lab02.elf" @"objects.list"   -mcpu=cortex-m7 -T"D:\KMITL_Life\CEDT_KMITL\YEAR2_Semester2\01076050 MICROCONTROLLER APPLICATION AND DEVELOPMENT\01076051 MICROCONTROLLER PROJECT\Lab02\STM32F767ZITX_FLASH.ld" --specs=nosys.specs -Wl,-Map="Lab02.map" -Wl,--gc-sections -static --specs=nano.specs -mfpu=fpv5-d16 -mfloat-abi=hard -mthumb -Wl,--start-group -lc -lm -Wl,--end-group
Finished building target: Lab02.elf
 
arm-none-eabi-size  Lab02.elf 
arm-none-eabi-objdump -h -S Lab02.elf  > "Lab02.list"
   text	   data	    bss	    dec	    hex	filename
   6444	     40	   1568	   8052	   1f74	Lab02.elf
Finished building: default.size.stdout
 
Finished building: Lab02.list
 
14:08:55 **** Incremental Build of configuration Debug for project Lab02 ****
make -j16 all 
arm-none-eabi-gcc "../Core/Src/main.c" -mcpu=cortex-m7 -std=gnu11 -g3 -DDEBUG -DUSE_HAL_DRIVER -DSTM32F767xx -c -I../Core/Inc -I../Drivers/STM32F7xx_HAL_Driver/Inc -I../Drivers/STM32F7xx_HAL_Driver/Inc/Legacy -I../Drivers/CMSIS/Device/ST/STM32F7xx/Include -I../Drivers/CMSIS/Include -O0 -ffunction-sections -fdata-sections -Wall -fstack-usage -fcyclomatic-complexity -MMD -MP -MF"Core/Src/main.d" -MT"Core/Src/main.o" --specs=nano.specs -mfpu=fpv5-d16 -mfloat-abi=hard -mthumb -o "Core/Src/main.o"
arm-none-eabi-gcc -o "Lab02.elf" @"objects.list"   -mcpu=cortex-m7 -T"D:\KMITL_Life\CEDT_KMITL\YEAR2_Semester2\01076050 MICROCONTROLLER APPLICATION AND DEVELOPMENT\01076051 MICROCONTROLLER PROJECT\Lab02\STM32F767ZITX_FLASH.ld" --specs=nosys.specs -Wl,-Map="Lab02.map" -Wl,--gc-sections -static --specs=nano.specs -mfpu=fpv5-d16 -mfloat-abi=hard -mthumb -Wl,--start-group -lc -lm -Wl,--end-group
Finished building target: Lab02.elf
 
arm-none-eabi-size  Lab02.elf 
arm-none-eabi-objdump -h -S Lab02.elf  > "Lab02.list"
   text	   data	    bss	    dec	    hex	filename
   6444	     40	   1568	   8052	   1f74	Lab02.elf
Finished building: default.size.stdout
 
Finished building: Lab02.list
 
14:08:57 **** Incremental Build of configuration Debug for project Lab02 ****
make -j16 all 
arm-none-eabi-size  Lab02.elf 
   text	   data	    bss	    dec	    hex	filename
   6444	     40	   1568	   8052	   1f74	Lab02.elf
Finished building: default.size.stdout
 
14:12:51 **** Incremental Build of configuration Debug for project Lab02 ****
make -j16 all 
arm-none-eabi-gcc "../Core/Src/main.c" -mcpu=cortex-m7 -std=gnu11 -g3 -DDEBUG -DUSE_HAL_DRIVER -DSTM32F767xx -c -I../Core/Inc -I../Drivers/STM32F7xx_HAL_Driver/Inc -I../Drivers/STM32F7xx_HAL_Driver/Inc/Legacy -I../Drivers/CMSIS/Device/ST/STM32F7xx/Include -I../Drivers/CMSIS/Include -O0 -ffunction-sections -fdata-sections -Wall -fstack-usage -fcyclomatic-complexity -MMD -MP -MF"Core/Src/main.d" -MT"Core/Src/main.o" --specs=nano.specs -mfpu=fpv5-d16 -mfloat-abi=hard -mthumb -o "Core/Src/main.o"
arm-none-eabi-gcc -o "Lab02.elf" @"objects.list"   -mcpu=cortex-m7 -T"D:\KMITL_Life\CEDT_KMITL\YEAR2_Semester2\01076050 MICROCONTROLLER APPLICATION AND DEVELOPMENT\01076051 MICROCONTROLLER PROJECT\Lab02\STM32F767ZITX_FLASH.ld" --specs=nosys.specs -Wl,-Map="Lab02.map" -Wl,--gc-sections -static --specs=nano.specs -mfpu=fpv5-d16 -mfloat-abi=hard -mthumb -Wl,--start-group -lc -lm -Wl,--end-group
Finished building target: Lab02.elf
 
arm-none-eabi-size  Lab02.elf 
arm-none-eabi-objdump -h -S Lab02.elf  > "Lab02.list"
   text	   data	    bss	    dec	    hex	filename
   6384	     40	   1568	   7992	   1f38	Lab02.elf
Finished building: default.size.stdout
 
Finished building: Lab02.list
 
14:23:05 **** Incremental Build of configuration Debug for project Lab02 ****
make -j16 all 
arm-none-eabi-gcc "../Core/Src/main.c" -mcpu=cortex-m7 -std=gnu11 -g3 -DDEBUG -DUSE_HAL_DRIVER -DSTM32F767xx -c -I../Core/Inc -I../Drivers/STM32F7xx_HAL_Driver/Inc -I../Drivers/STM32F7xx_HAL_Driver/Inc/Legacy -I../Drivers/CMSIS/Device/ST/STM32F7xx/Include -I../Drivers/CMSIS/Include -O0 -ffunction-sections -fdata-sections -Wall -fstack-usage -fcyclomatic-complexity -MMD -MP -MF"Core/Src/main.d" -MT"Core/Src/main.o" --specs=nano.specs -mfpu=fpv5-d16 -mfloat-abi=hard -mthumb -o "Core/Src/main.o"
arm-none-eabi-gcc -o "Lab02.elf" @"objects.list"   -mcpu=cortex-m7 -T"D:\KMITL_Life\CEDT_KMITL\YEAR2_Semester2\01076050 MICROCONTROLLER APPLICATION AND DEVELOPMENT\01076051 MICROCONTROLLER PROJECT\Lab02\STM32F767ZITX_FLASH.ld" --specs=nosys.specs -Wl,-Map="Lab02.map" -Wl,--gc-sections -static --specs=nano.specs -mfpu=fpv5-d16 -mfloat-abi=hard -mthumb -Wl,--start-group -lc -lm -Wl,--end-group
Finished building target: Lab02.elf
 
arm-none-eabi-size  Lab02.elf 
arm-none-eabi-objdump -h -S Lab02.elf  > "Lab02.list"
   text	   data	    bss	    dec	    hex	filename
   6444	     40	   1568	   8052	   1f74	Lab02.elf
Finished building: default.size.stdout
 
Finished building: Lab02.list
 
14:23:09 **** Incremental Build of configuration Debug for project Lab02 ****
make -j16 all 
arm-none-eabi-size  Lab02.elf 
   text	   data	    bss	    dec	    hex	filename
   6444	     40	   1568	   8052	   1f74	Lab02.elf
Finished building: default.size.stdout
 
14:29:21 **** Incremental Build of configuration Debug for project Lab02 ****
make -j16 all 
[...]
                 from ../Core/Inc/main.h:30,
                 from ../Core/Src/main.c:20:
../Drivers/STM32F7xx_HAL_Driver/Inc/stm32f7xx_hal_uart.h:1553:79: note: expected 'const uint8_t *' {aka 'const unsigned char *'} but argument is of type 'uint32_t *' {aka 'long unsigned int *'}
 1553 | HAL_StatusTypeDef HAL_UART_Transmit(UART_HandleTypeDef *huart, const uint8_t *pData, uint16_t Size, uint32_t Timeout);
      |                                                                ~~~~~~~~~~~~~~~^~~~~
../Core/Src/main.c:158:76: warning: passing argument 2 of 'HAL_UART_Transmit' from incompatible pointer type [-Wincompatible-pointer-types]
  158 |                                                 HAL_UART_Transmit(&huart3, (uint32_t*)"=>", 2, 1000);
      |                                                                            ^~~~~~~~~~~~~~~
      |                                                                            |
      |                                                                            uint32_t * {aka long unsigned int *}
In file included from ../Core/Inc/stm32f7xx_hal_conf.h:415,
                 from ../Drivers/STM32F7xx_HAL_Driver/Inc/stm32f7xx_hal.h:29,
                 from ../Core/Inc/main.h:30,
                 from ../Core/Src/main.c:20:
../Drivers/STM32F7xx_HAL_Driver/Inc/stm32f7xx_hal_uart.h:1553:79: note: expected 'const uint8_t *' {aka 'const unsigned char *'} but argument is of type 'uint32_t *' {aka 'long unsigned int *'}
 1553 | HAL_StatusTypeDef HAL_UART_Transmit(UART_HandleTypeDef *huart, const uint8_t *pData, uint16_t Size, uint32_t Timeout);
      |                                                                ~~~~~~~~~~~~~~~^~~~~
../Core/Src/main.c:163:83: warning: passing argument 2 of 'HAL_UART_Receive' from incompatible pointer type [-Wincompatible-pointer-types]
  163 |                                                         HAL_UART_Receive(&huart3, (uint32_t*)&transmit, 100,1000);
      |                                                                                   ^~~~~~~~~~~~~~~~~~~~
      |                                                                                   |
      |                                                                                   uint32_t * {aka long unsigned int *}
In file included from ../Core/Inc/stm32f7xx_hal_conf.h:415,
                 from ../Drivers/STM32F7xx_HAL_Driver/Inc/stm32f7xx_hal.h:29,
                 from ../Core/Inc/main.h:30,
                 from ../Core/Src/main.c:20:
../Drivers/STM32F7xx_HAL_Driver/Inc/stm32f7xx_hal_uart.h:1554:72: note: expected 'uint8_t *' {aka 'unsigned char *'} but argument is of type 'uint32_t *' {aka 'long unsigned int *'}
 1554 | HAL_StatusTypeDef HAL_UART_Receive(UART_HandleTypeDef *huart, uint8_t *pData, uint16_t Size, uint32_t Timeout);
      |                                                               ~~~~~~~~~^~~~~
../Core/Src/main.c:167:69: warning: passing argument 2 of 'HAL_UART_Transmit' from incompatible pointer type [-Wincompatible-pointer-types]
  167 |                                          HAL_UART_Transmit(&huart3, (uint32_t*)&transmit, 100, 1000);
      |                                                                     ^~~~~~~~~~~~~~~~~~~~
      |                                                                     |
      |                                                                     uint32_t * {aka long unsigned int *}
In file included from ../Core/Inc/stm32f7xx_hal_conf.h:415,
                 from ../Drivers/STM32F7xx_HAL_Driver/Inc/stm32f7xx_hal.h:29,
                 from ../Core/Inc/main.h:30,
                 from ../Core/Src/main.c:20:
../Drivers/STM32F7xx_HAL_Driver/Inc/stm32f7xx_hal_uart.h:1553:79: note: expected 'const uint8_t *' {aka 'const unsigned char *'} but argument is of type 'uint32_t *' {aka 'long unsigned int *'}
 1553 | HAL_StatusTypeDef HAL_UART_Transmit(UART_HandleTypeDef *huart, const uint8_t *pData, uint16_t Size, uint32_t Timeout);
      |                                                                ~~~~~~~~~~~~~~~^~~~~
../Core/Src/main.c:172:76: warning: passing argument 2 of 'HAL_UART_Transmit' makes pointer from integer without a cast [-Wint-conversion]
  172 |                                                 HAL_UART_Transmit(&huart3, (uint32_t)"\r\nUSER1 is disconected", 20, 1000);
      |                                                                            ^~~~~~~~~~~~~~~~~~~~~~~~~~~~~~~~~~~~
      |                                                                            |
      |                                                                            long unsigned int
In file included from ../Core/Inc/stm32f7xx_hal_conf.h:415,
                 from ../Drivers/STM32F7xx_HAL_Driver/Inc/stm32f7xx_hal.h:29,
                 from ../Core/Inc/main.h:30,
                 from ../Core/Src/main.c:20:
../Drivers/STM32F7xx_HAL_Driver/Inc/stm32f7xx_hal_uart.h:1553:79: note: expected 'const uint8_t *' {aka 'const unsigned char *'} but argument is of type 'long unsigned int'
 1553 | HAL_StatusTypeDef HAL_UART_Transmit(UART_HandleTypeDef *huart, const uint8_t *pData, uint16_t Size, uint32_t Timeout);
      |                                                                ~~~~~~~~~~~~~~~^~~~~
../Core/Src/main.c:173:49: warning: implicit declaration of function 'sprintf' [-Wimplicit-function-declaration]
  173 |                                                 sprintf(buffer,"%s",transmit);
      |                                                 ^~~~~~~
../Core/Src/main.c:27:1: note: include '<stdio.h>' or provide a declaration of 'sprintf'
   26 | #include "string.h"
  +++ |+#include <stdio.h>
   27 | /* USER CODE END Includes */
../Core/Src/main.c:173:49: warning: incompatible implicit declaration of built-in function 'sprintf' [-Wbuiltin-declaration-mismatch]
  173 |                                                 sprintf(buffer,"%s",transmit);
      |                                                 ^~~~~~~
../Core/Src/main.c:173:49: note: include '<stdio.h>' or provide a declaration of 'sprintf'
../Core/Src/main.c:175:76: warning: passing argument 2 of 'HAL_UART_Transmit' from incompatible pointer type [-Wincompatible-pointer-types]
  175 |                                                 HAL_UART_Transmit(&huart2, (uint32_t*)&buffer, 100, 1000);
      |                                                                            ^~~~~~~~~~~~~~~~~~
      |                                                                            |
      |                                                                            uint32_t * {aka long unsigned int *}
In file included from ../Core/Inc/stm32f7xx_hal_conf.h:415,
                 from ../Drivers/STM32F7xx_HAL_Driver/Inc/stm32f7xx_hal.h:29,
                 from ../Core/Inc/main.h:30,
                 from ../Core/Src/main.c:20:
../Drivers/STM32F7xx_HAL_Driver/Inc/stm32f7xx_hal_uart.h:1553:79: note: expected 'const uint8_t *' {aka 'const unsigned char *'} but argument is of type 'uint32_t *' {aka 'long unsigned int *'}
 1553 | HAL_StatusTypeDef HAL_UART_Transmit(UART_HandleTypeDef *huart, const uint8_t *pData, uint16_t Size, uint32_t Timeout);
      |                                                                ~~~~~~~~~~~~~~~^~~~~
../Core/Src/main.c:180:42: warning: incompatible implicit declaration of built-in function 'sprintf' [-Wbuiltin-declaration-mismatch]
  180 |                                          sprintf(buffer,"\r\n\t%s : %s",username,transmit);
      |                                          ^~~~~~~
../Core/Src/main.c:180:42: note: include '<stdio.h>' or provide a declaration of 'sprintf'
../Core/Src/main.c:182:70: warning: passing argument 2 of 'HAL_UART_Transmit' from incompatible pointer type [-Wincompatible-pointer-types]
  182 |                                           HAL_UART_Transmit(&huart2, (uint32_t*)&buffer, 100, 1000);
      |                                                                      ^~~~~~~~~~~~~~~~~~
      |                                                                      |
      |                                                                      uint32_t * {aka long unsigned int *}
In file included from ../Core/Inc/stm32f7xx_hal_conf.h:415,
                 from ../Drivers/STM32F7xx_HAL_Driver/Inc/stm32f7xx_hal.h:29,
                 from ../Core/Inc/main.h:30,
                 from ../Core/Src/main.c:20:
../Drivers/STM32F7xx_HAL_Driver/Inc/stm32f7xx_hal_uart.h:1553:79: note: expected 'const uint8_t *' {aka 'const unsigned char *'} but argument is of type 'uint32_t *' {aka 'long unsigned int *'}
 1553 | HAL_StatusTypeDef HAL_UART_Transmit(UART_HandleTypeDef *huart, const uint8_t *pData, uint16_t Size, uint32_t Timeout);
      |                                                                ~~~~~~~~~~~~~~~^~~~~
../Core/Src/main.c:192:77: warning: passing argument 2 of 'HAL_UART_Receive' makes pointer from integer without a cast [-Wint-conversion]
  192 |                                                   HAL_UART_Receive(&huart2, (uint32_t)&name, 100,1000);
      |                                                                             ^~~~~~~~~~~~~~~
      |                                                                             |
      |                                                                             long unsigned int
In file included from ../Core/Inc/stm32f7xx_hal_conf.h:415,
                 from ../Drivers/STM32F7xx_HAL_Driver/Inc/stm32f7xx_hal.h:29,
                 from ../Core/Inc/main.h:30,
                 from ../Core/Src/main.c:20:
../Drivers/STM32F7xx_HAL_Driver/Inc/stm32f7xx_hal_uart.h:1554:72: note: expected 'uint8_t *' {aka 'unsigned char *'} but argument is of type 'long unsigned int'
 1554 | HAL_StatusTypeDef HAL_UART_Receive(UART_HandleTypeDef *huart, uint8_t *pData, uint16_t Size, uint32_t Timeout);
      |                                                               ~~~~~~~~~^~~~~
../Core/Src/main.c:196:56: warning: statement with no effect [-Wunused-value]
  196 |                                                 state3 == 0;
      |                                                 ~~~~~~~^~~~
../Core/Src/main.c:198:76: warning: passing argument 2 of 'HAL_UART_Transmit' makes pointer from integer without a cast [-Wint-conversion]
  198 |                                                 HAL_UART_Transmit(&huart3, (uint32_t)"\r\nUSER2 is disconected", 20, 1000);
      |                                                                            ^~~~~~~~~~~~~~~~~~~~~~~~~~~~~~~~~~~~
      |                                                                            |
      |                                                                            long unsigned int
In file included from ../Core/Inc/stm32f7xx_hal_conf.h:415,
                 from ../Drivers/STM32F7xx_HAL_Driver/Inc/stm32f7xx_hal.h:29,
                 from ../Core/Inc/main.h:30,
                 from ../Core/Src/main.c:20:
../Drivers/STM32F7xx_HAL_Driver/Inc/stm32f7xx_hal_uart.h:1553:79: note: expected 'const uint8_t *' {aka 'const unsigned char *'} but argument is of type 'long unsigned int'
 1553 | HAL_StatusTypeDef HAL_UART_Transmit(UART_HandleTypeDef *huart, const uint8_t *pData, uint16_t Size, uint32_t Timeout);
      |                                                                ~~~~~~~~~~~~~~~^~~~~
../Core/Src/main.c:205:78: warning: passing argument 2 of 'HAL_UART_Transmit' makes pointer from integer without a cast [-Wint-conversion]
  205 |                                                   HAL_UART_Transmit(&huart3, (uint32_t)&name, 100, 1000);
      |                                                                              ^~~~~~~~~~~~~~~
      |                                                                              |
      |                                                                              long unsigned int
In file included from ../Core/Inc/stm32f7xx_hal_conf.h:415,
                 from ../Drivers/STM32F7xx_HAL_Driver/Inc/stm32f7xx_hal.h:29,
                 from ../Core/Inc/main.h:30,
                 from ../Core/Src/main.c:20:
../Drivers/STM32F7xx_HAL_Driver/Inc/stm32f7xx_hal_uart.h:1553:79: note: expected 'const uint8_t *' {aka 'const unsigned char *'} but argument is of type 'long unsigned int'
 1553 | HAL_StatusTypeDef HAL_UART_Transmit(UART_HandleTypeDef *huart, const uint8_t *pData, uint16_t Size, uint32_t Timeout);
      |                                                                ~~~~~~~~~~~~~~~^~~~~
../Core/Src/main.c: In function 'strcmp1':
../Core/Src/main.c:269:20: warning: passing argument 1 of 'strlen' makes pointer from integer without a cast [-Wint-conversion]
  269 |         if (strlen(A) > strlen(B)){
      |                    ^
      |                    |
      |                    char
In file included from ../Core/Src/main.c:26:
/Applications/STM32CubeIDE.app/Contents/Eclipse/plugins/com.st.stm32cube.ide.mcu.externaltools.gnu-tools-for-stm32.11.3.rel1.macos64_1.1.100.202310310803/tools/arm-none-eabi/include/string.h:41:18: note: expected 'const char *' but argument is of type 'char'
   41 | size_t   strlen (const char *);
      |                  ^~~~~~~~~~~~
../Core/Src/main.c:269:32: warning: passing argument 1 of 'strlen' makes pointer from integer without a cast [-Wint-conversion]
  269 |         if (strlen(A) > strlen(B)){
      |                                ^
      |                                |
      |                                char
In file included from ../Core/Src/main.c:26:
/Applications/STM32CubeIDE.app/Contents/Eclipse/plugins/com.st.stm32cube.ide.mcu.externaltools.gnu-tools-for-stm32.11.3.rel1.macos64_1.1.100.202310310803/tools/arm-none-eabi/include/string.h:41:18: note: expected 'const char *' but argument is of type 'char'
   41 | size_t   strlen (const char *);
      |                  ^~~~~~~~~~~~
../Core/Src/main.c:272:25: warning: passing argument 1 of 'strlen' makes pointer from integer without a cast [-Wint-conversion]
  272 |         else if (strlen(B) > strlen(A)){
      |                         ^
      |                         |
      |                         char
In file included from ../Core/Src/main.c:26:
/Applications/STM32CubeIDE.app/Contents/Eclipse/plugins/com.st.stm32cube.ide.mcu.externaltools.gnu-tools-for-stm32.11.3.rel1.macos64_1.1.100.202310310803/tools/arm-none-eabi/include/string.h:41:18: note: expected 'const char *' but argument is of type 'char'
   41 | size_t   strlen (const char *);
      |                  ^~~~~~~~~~~~
../Core/Src/main.c:272:37: warning: passing argument 1 of 'strlen' makes pointer from integer without a cast [-Wint-conversion]
  272 |         else if (strlen(B) > strlen(A)){
      |                                     ^
      |                                     |
      |                                     char
In file included from ../Core/Src/main.c:26:
/Applications/STM32CubeIDE.app/Contents/Eclipse/plugins/com.st.stm32cube.ide.mcu.externaltools.gnu-tools-for-stm32.11.3.rel1.macos64_1.1.100.202310310803/tools/arm-none-eabi/include/string.h:41:18: note: expected 'const char *' but argument is of type 'char'
   41 | size_t   strlen (const char *);
      |                  ^~~~~~~~~~~~
../Core/Src/main.c:268:13: warning: unused variable 'couter' [-Wunused-variable]
  268 |         int couter = 0;
      |             ^~~~~~
../Core/Src/main.c: In function 'main':
../Core/Src/main.c:180:64: warning: '%s' directive writing up to 99 bytes into a region of size 97 [-Wformat-overflow=]
  180 |                                          sprintf(buffer,"\r\n\t%s : %s",username,transmit);
      |                                                                ^~       ~~~~~~~~
../Core/Src/main.c:180:42: note: 'sprintf' output between 7 and 205 bytes into a destination of size 100
  180 |                                          sprintf(buffer,"\r\n\t%s : %s",username,transmit);
      |                                          ^~~~~~~~~~~~~~~~~~~~~~~~~~~~~~~~~~~~~~~~~~~~~~~~~
../Core/Src/main.c: In function 'strcmp1':
../Core/Src/main.c:275:1: warning: control reaches end of non-void function [-Wreturn-type]
  275 | }
      | ^
arm-none-eabi-gcc "../Core/Src/syscalls.c" -mcpu=cortex-m7 -std=gnu11 -g3 -DDEBUG -DUSE_HAL_DRIVER -DSTM32F767xx -c -I../Core/Inc -I../Drivers/STM32F7xx_HAL_Driver/Inc -I../Drivers/STM32F7xx_HAL_Driver/Inc/Legacy -I../Drivers/CMSIS/Device/ST/STM32F7xx/Include -I../Drivers/CMSIS/Include -O0 -ffunction-sections -fdata-sections -Wall -fstack-usage -fcyclomatic-complexity -MMD -MP -MF"Core/Src/syscalls.d" -MT"Core/Src/syscalls.o" --specs=nano.specs -mfpu=fpv5-d16 -mfloat-abi=hard -mthumb -o "Core/Src/syscalls.o"
arm-none-eabi-gcc "../Core/Src/sysmem.c" -mcpu=cortex-m7 -std=gnu11 -g3 -DDEBUG -DUSE_HAL_DRIVER -DSTM32F767xx -c -I../Core/Inc -I../Drivers/STM32F7xx_HAL_Driver/Inc -I../Drivers/STM32F7xx_HAL_Driver/Inc/Legacy -I../Drivers/CMSIS/Device/ST/STM32F7xx/Include -I../Drivers/CMSIS/Include -O0 -ffunction-sections -fdata-sections -Wall -fstack-usage -fcyclomatic-complexity -MMD -MP -MF"Core/Src/sysmem.d" -MT"Core/Src/sysmem.o" --specs=nano.specs -mfpu=fpv5-d16 -mfloat-abi=hard -mthumb -o "Core/Src/sysmem.o"
arm-none-eabi-gcc "../Core/Src/system_stm32f7xx.c" -mcpu=cortex-m7 -std=gnu11 -g3 -DDEBUG -DUSE_HAL_DRIVER -DSTM32F767xx -c -I../Core/Inc -I../Drivers/STM32F7xx_HAL_Driver/Inc -I../Drivers/STM32F7xx_HAL_Driver/Inc/Legacy -I../Drivers/CMSIS/Device/ST/STM32F7xx/Include -I../Drivers/CMSIS/Include -O0 -ffunction-sections -fdata-sections -Wall -fstack-usage -fcyclomatic-complexity -MMD -MP -MF"Core/Src/system_stm32f7xx.d" -MT"Core/Src/system_stm32f7xx.o" --specs=nano.specs -mfpu=fpv5-d16 -mfloat-abi=hard -mthumb -o "Core/Src/system_stm32f7xx.o"
arm-none-eabi-gcc "../Core/Src/usart.c" -mcpu=cortex-m7 -std=gnu11 -g3 -DDEBUG -DUSE_HAL_DRIVER -DSTM32F767xx -c -I../Core/Inc -I../Drivers/STM32F7xx_HAL_Driver/Inc -I../Drivers/STM32F7xx_HAL_Driver/Inc/Legacy -I../Drivers/CMSIS/Device/ST/STM32F7xx/Include -I../Drivers/CMSIS/Include -O0 -ffunction-sections -fdata-sections -Wall -fstack-usage -fcyclomatic-complexity -MMD -MP -MF"Core/Src/usart.d" -MT"Core/Src/usart.o" --specs=nano.specs -mfpu=fpv5-d16 -mfloat-abi=hard -mthumb -o "Core/Src/usart.o"
arm-none-eabi-gcc -o "labspecial.elf" @"objects.list"   -mcpu=cortex-m7 -T"/Users/itswatthachai/KMITL_Life/CEDT_KMITL/YEAR2_Semester2/01076050 MICROCONTROLLER APPLICATION AND DEVELOPMENT/01076051 MICROCONTROLLER PROJECT/labspecial/STM32F767ZITX_FLASH.ld" --specs=nosys.specs -Wl,-Map="labspecial.map" -Wl,--gc-sections -static --specs=nano.specs -mfpu=fpv5-d16 -mfloat-abi=hard -mthumb -Wl,--start-group -lc -lm -Wl,--end-group
/Applications/STM32CubeIDE.app/Contents/Eclipse/plugins/com.st.stm32cube.ide.mcu.externaltools.gnu-tools-for-stm32.11.3.rel1.macos64_1.1.100.202310310803/tools/bin/../lib/gcc/arm-none-eabi/11.3.1/../../../../arm-none-eabi/bin/ld: ./Core/Src/main.o: in function `main':
/Users/itswatthachai/KMITL_Life/CEDT_KMITL/YEAR2_Semester2/01076050 MICROCONTROLLER APPLICATION AND DEVELOPMENT/01076051 MICROCONTROLLER PROJECT/labspecial/Debug/../Core/Src/main.c:98: undefined reference to `MX_USART6_UART_Init'
collect2: error: ld returned 1 exit status
make: *** [makefile:64: labspecial.elf] Error 1
"make -j7 all" terminated with exit code 2. Build might be incomplete.
18:09:01 **** Incremental Build of configuration Debug for project Lab02 ****
make -j7 all 
arm-none-eabi-size  Lab02.elf 
   text	   data	    bss	    dec	    hex	filename
   6772	     40	   1568	   8380	   20bc	Lab02.elf
Finished building: default.size.stdout
 
18:30:43 **** Incremental Build of configuration Debug for project Lab02 ****
make -j7 all 
arm-none-eabi-size  Lab02.elf 
   text	   data	    bss	    dec	    hex	filename
   6772	     40	   1568	   8380	   20bc	Lab02.elf
Finished building: default.size.stdout
 
